[    0.000000] Linux version 6.16.1-thor_kernel-dacortes (root@dacortes) (gcc (GCC) 15.2.0, GNU ld (GNU Binutils) 2.45) #4 SMP PREEMPT_DYNAMIC Sun Nov  2 17:03:39 CET 2025
[    0.000000] Command line: BOOT_IMAGE=/vmlinuz-6.16.1-lfs-12.4-thor_kernel root=/dev/sda2 ro
[    0.000000] BIOS-provided physical RAM map:
[    0.000000] BIOS-e820: [mem 0x0000000000000000-0x000000000009fbff] usable
[    0.000000] BIOS-e820: [mem 0x000000000009fc00-0x000000000009ffff] reserved
[    0.000000] BIOS-e820: [mem 0x00000000000f0000-0x00000000000fffff] reserved
[    0.000000] BIOS-e820: [mem 0x0000000000100000-0x00000000dffeffff] usable
[    0.000000] BIOS-e820: [mem 0x00000000dfff0000-0x00000000dfffffff] ACPI data
[    0.000000] BIOS-e820: [mem 0x00000000fec00000-0x00000000fec00fff] reserved
[    0.000000] BIOS-e820: [mem 0x00000000fee00000-0x00000000fee00fff] reserved
[    0.000000] BIOS-e820: [mem 0x00000000fffc0000-0x00000000ffffffff] reserved
[    0.000000] BIOS-e820: [mem 0x0000000100000000-0x000000011e4fffff] usable
[    0.000000] NX (Execute Disable) protection: active
[    0.000000] APIC: Static calls initialized
[    0.000000] SMBIOS 2.5 present.
[    0.000000] DMI: innotek GmbH VirtualBox/VirtualBox, BIOS VirtualBox 12/01/2006
[    0.000000] DMI: Memory slots populated: 0/0
[    0.000000] Hypervisor detected: KVM
[    0.000000] kvm-clock: Using msrs 4b564d01 and 4b564d00
[    0.000001] kvm-clock: using sched offset of 8624230247 cycles
[    0.000003] clocksource: kvm-clock: mask: 0xffffffffffffffff max_cycles: 0x1cd42e4dffb, max_idle_ns: 881590591483 ns
[    0.000005] tsc: Detected 2999.818 MHz processor
[    0.001337] e820: update [mem 0x00000000-0x00000fff] usable ==> reserved
[    0.001340] e820: remove [mem 0x000a0000-0x000fffff] usable
[    0.001344] last_pfn = 0x11e500 max_arch_pfn = 0x400000000
[    0.001350] MTRRs disabled by BIOS
[    0.001352] x86/PAT: Configuration [0-7]: WB  WC  UC- UC  WB  WP  UC- WT  
[    0.001358] last_pfn = 0xe0000 max_arch_pfn = 0x400000000
[    0.001385] found SMP MP-table at [mem 0x0009fff0-0x0009ffff]
[    0.001678] ACPI: Early table checksum verification disabled
[    0.001680] ACPI: RSDP 0x00000000000E0000 000024 (v02 VBOX  )
[    0.001684] ACPI: XSDT 0x00000000DFFF0030 00003C (v01 VBOX   VBOXXSDT 00000001 ASL  00000061)
[    0.001688] ACPI: FACP 0x00000000DFFF00F0 0000F4 (v04 VBOX   VBOXFACP 00000001 ASL  00000061)
[    0.001691] ACPI: DSDT 0x00000000DFFF0620 002353 (v02 VBOX   VBOXBIOS 00000002 INTL 20200925)
[    0.001694] ACPI: FACS 0x00000000DFFF0200 000040
[    0.001696] ACPI: FACS 0x00000000DFFF0200 000040
[    0.001698] ACPI: APIC 0x00000000DFFF0240 00006C (v02 VBOX   VBOXAPIC 00000001 ASL  00000061)
[    0.001700] ACPI: SSDT 0x00000000DFFF02B0 00036C (v01 VBOX   VBOXCPUT 00000002 INTL 20200925)
[    0.001702] ACPI: Reserving FACP table memory at [mem 0xdfff00f0-0xdfff01e3]
[    0.001703] ACPI: Reserving DSDT table memory at [mem 0xdfff0620-0xdfff2972]
[    0.001704] ACPI: Reserving FACS table memory at [mem 0xdfff0200-0xdfff023f]
[    0.001704] ACPI: Reserving FACS table memory at [mem 0xdfff0200-0xdfff023f]
[    0.001705] ACPI: Reserving APIC table memory at [mem 0xdfff0240-0xdfff02ab]
[    0.001706] ACPI: Reserving SSDT table memory at [mem 0xdfff02b0-0xdfff061b]
[    0.001843] No NUMA configuration found
[    0.001844] Faking a node at [mem 0x0000000000000000-0x000000011e4fffff]
[    0.001846] NODE_DATA(0) allocated [mem 0x11e4fc900-0x11e4fffff]
[    0.001922] Zone ranges:
[    0.001922]   DMA      [mem 0x0000000000001000-0x0000000000ffffff]
[    0.001924]   DMA32    [mem 0x0000000001000000-0x00000000ffffffff]
[    0.001925]   Normal   [mem 0x0000000100000000-0x000000011e4fffff]
[    0.001926] Movable zone start for each node
[    0.001926] Early memory node ranges
[    0.001927]   node   0: [mem 0x0000000000001000-0x000000000009efff]
[    0.001928]   node   0: [mem 0x0000000000100000-0x00000000dffeffff]
[    0.001929]   node   0: [mem 0x0000000100000000-0x000000011e4fffff]
[    0.001930] Initmem setup node 0 [mem 0x0000000000001000-0x000000011e4fffff]
[    0.002029] On node 0, zone DMA: 1 pages in unavailable ranges
[    0.002055] On node 0, zone DMA: 97 pages in unavailable ranges
[    0.013069] On node 0, zone Normal: 16 pages in unavailable ranges
[    0.013117] On node 0, zone Normal: 6912 pages in unavailable ranges
[    0.013432] ACPI: PM-Timer IO Port: 0x4008
[    0.013490] IOAPIC[0]: apic_id 4, version 32, address 0xfec00000, GSI 0-23
[    0.013492] ACPI: INT_SRC_OVR (bus 0 bus_irq 0 global_irq 2 dfl dfl)
[    0.013494] ACPI: INT_SRC_OVR (bus 0 bus_irq 9 global_irq 9 low level)
[    0.013497] ACPI: Using ACPI (MADT) for SMP configuration information
[    0.013504] CPU topo: Max. logical packages:   1
[    0.013505] CPU topo: Max. logical dies:       1
[    0.013505] CPU topo: Max. dies per package:   1
[    0.013511] CPU topo: Max. threads per core:   1
[    0.013511] CPU topo: Num. cores per package:     4
[    0.013512] CPU topo: Num. threads per package:   4
[    0.013512] CPU topo: Allowing 4 present CPUs plus 0 hotplug CPUs
[    0.013529] PM: hibernation: Registered nosave memory: [mem 0x00000000-0x00000fff]
[    0.013530] PM: hibernation: Registered nosave memory: [mem 0x0009f000-0x000fffff]
[    0.013532] PM: hibernation: Registered nosave memory: [mem 0xdfff0000-0xffffffff]
[    0.013533] [mem 0xe0000000-0xfebfffff] available for PCI devices
[    0.013534] Booting paravirtualized kernel on KVM
[    0.013535] clocksource: refined-jiffies: mask: 0xffffffff max_cycles: 0xffffffff, max_idle_ns: 1910969940391419 ns
[    0.018524] setup_percpu: NR_CPUS:64 nr_cpumask_bits:4 nr_cpu_ids:4 nr_node_ids:1
[    0.018741] percpu: Embedded 52 pages/cpu s172760 r8192 d32040 u524288
[    0.018745] pcpu-alloc: s172760 r8192 d32040 u524288 alloc=1*2097152
[    0.018747] pcpu-alloc: [0] 0 1 2 3 
[    0.018764] Kernel command line: BOOT_IMAGE=/vmlinuz-6.16.1-lfs-12.4-thor_kernel root=/dev/sda2 ro
[    0.018785] Unknown kernel command line parameters "BOOT_IMAGE=/vmlinuz-6.16.1-lfs-12.4-thor_kernel", will be passed to user space.
[    0.018807] random: crng init done
[    0.018807] printk: log buffer data + meta data: 262144 + 917504 = 1179648 bytes
[    0.019186] Dentry cache hash table entries: 524288 (order: 10, 4194304 bytes, linear)
[    0.019475] Inode-cache hash table entries: 262144 (order: 9, 2097152 bytes, linear)
[    0.019540] software IO TLB: area num 4.
[    0.031298] Fallback order for Node 0: 0 
[    0.031304] Built 1 zonelists, mobility grouping on.  Total pages: 1041550
[    0.031305] Policy zone: Normal
[    0.031306] mem auto-init: stack:all(zero), heap alloc:off, heap free:off
[    0.037446] SLUB: HWalign=64, Order=0-3, MinObjects=0, CPUs=4, Nodes=1
[    0.037455] Kernel/User page tables isolation: enabled
[    0.038385] Dynamic Preempt: voluntary
[    0.038524] rcu: Preemptible hierarchical RCU implementation.
[    0.038524] rcu: 	RCU event tracing is enabled.
[    0.038525] rcu: 	RCU restricting CPUs from NR_CPUS=64 to nr_cpu_ids=4.
[    0.038526] 	Trampoline variant of Tasks RCU enabled.
[    0.038526] 	Tracing variant of Tasks RCU enabled.
[    0.038527] rcu: RCU calculated value of scheduler-enlistment delay is 100 jiffies.
[    0.038528] rcu: Adjusting geometry for rcu_fanout_leaf=16, nr_cpu_ids=4
[    0.038532] RCU Tasks: Setting shift to 2 and lim to 1 rcu_task_cb_adjust=1 rcu_task_cpu_ids=4.
[    0.038533] RCU Tasks Trace: Setting shift to 2 and lim to 1 rcu_task_cb_adjust=1 rcu_task_cpu_ids=4.
[    0.042355] NR_IRQS: 4352, nr_irqs: 456, preallocated irqs: 16
[    0.042549] rcu: srcu_init: Setting srcu_struct sizes based on contention.
[    0.049265] Console: colour VGA+ 80x25
[    0.049268] printk: legacy console [tty0] enabled
[    0.085555] ACPI: Core revision 20250404
[    0.085863] APIC: Switch to symmetric I/O mode setup
[    0.086432] x2apic enabled
[    0.086957] APIC: Switched APIC routing to: physical x2apic
[    0.088578] ..TIMER: vector=0x30 apic1=0 pin1=2 apic2=-1 pin2=-1
[    0.088923] clocksource: tsc-early: mask: 0xffffffffffffffff max_cycles: 0x2b3d998142a, max_idle_ns: 440795353710 ns
[    0.089485] Calibrating delay loop (skipped) preset value.. 5999.63 BogoMIPS (lpj=2999818)
[    0.090077] Last level iTLB entries: 4KB 128, 2MB 8, 4MB 8
[    0.090379] Last level dTLB entries: 4KB 64, 2MB 32, 4MB 32, 1GB 4
[    0.090483] Speculative Store Bypass: Vulnerable
[    0.090483] SRBDS: Unknown: Dependent on hypervisor status
[    0.090483] Spectre V2 : Mitigation: Retpolines
[    0.090483] RETBleed: WARNING: Spectre v2 mitigation leaves CPU vulnerable to RETBleed attacks, data leaks possible!
[    0.090483] RETBleed: Vulnerable
[    0.090483] ITS: Mitigation: Aligned branch/return thunks
[    0.090483] MDS: Mitigation: Clear CPU buffers
[    0.090483] MMIO Stale Data: Mitigation: Clear CPU buffers
[    0.090483] Spectre V1 : Mitigation: usercopy/swapgs barriers and __user pointer sanitization
[    0.090488] Spectre V2 : Spectre v2 / SpectreRSB: Filling RSB on context switch and VMEXIT
[    0.091490] GDS: Unknown: Dependent on hypervisor status
[    0.091805] x86/fpu: Supporting XSAVE feature 0x001: 'x87 floating point registers'
[    0.092323] x86/fpu: Supporting XSAVE feature 0x002: 'SSE registers'
[    0.092484] x86/fpu: Supporting XSAVE feature 0x004: 'AVX registers'
[    0.092822] x86/fpu: xstate_offset[2]:  576, xstate_sizes[2]:  256
[    0.093484] x86/fpu: Enabled xstate features 0x7, context size is 832 bytes, using 'standard' format.
[    0.115198] Freeing SMP alternatives memory: 56K
[    0.115488] pid_max: default: 32768 minimum: 301
[    0.115785] LSM: initializing lsm=capability,selinux
[    0.116092] SELinux:  Initializing.
[    0.116585] Mount-cache hash table entries: 8192 (order: 4, 65536 bytes, linear)
[    0.117051] Mountpoint-cache hash table entries: 8192 (order: 4, 65536 bytes, linear)
[    0.224959] APIC calibration not consistent with PM-Timer: 103ms instead of 100ms
[    0.225439] APIC delta adjusted to PM-Timer: 6278552 (6472739)
[    0.225530] smpboot: CPU0: Intel(R) Core(TM) i5-8500 CPU @ 3.00GHz (family: 0x6, model: 0x9e, stepping: 0xa)
[    0.226323] Performance Events: unsupported CPU family 6 model 158 no PMU driver, software events only.
[    0.226498] signal: max sigframe size: 1776
[    0.226837] rcu: Hierarchical SRCU implementation.
[    0.227123] rcu: 	Max phase no-delay instances is 400.
[    0.227512] Timer migration: 1 hierarchy levels; 8 children per group; 1 crossnode level
[    0.232458] smp: Bringing up secondary CPUs ...
[    0.232539] smpboot: x86: Booting SMP configuration:
[    0.232831] .... node  #0, CPUs:      #1 #2 #3
[    0.238576] smp: Brought up 1 node, 4 CPUs
[    0.239129] smpboot: Total of 4 processors activated (23998.54 BogoMIPS)
[    0.239627] Memory: 3981300K/4166200K available (18870K kernel code, 2908K rwdata, 7420K rodata, 2816K init, 940K bss, 180516K reserved, 0K cma-reserved)
[    0.241486] devtmpfs: initialized
[    0.241934] clocksource: jiffies: mask: 0xffffffff max_cycles: 0xffffffff, max_idle_ns: 1911260446275000 ns
[    0.242487] posixtimers hash table entries: 2048 (order: 3, 32768 bytes, linear)
[    0.242953] futex hash table entries: 1024 (65536 bytes on 1 NUMA nodes, total 64 KiB, linear).
[    0.243541] PM: RTC time: 16:44:07, date: 2025-11-02
[    0.243979] NET: Registered PF_NETLINK/PF_ROUTE protocol family
[    0.244562] audit: initializing netlink subsys (disabled)
[    0.244886] audit: type=2000 audit(1762101857.551:1): state=initialized audit_enabled=0 res=1
[    0.244886] thermal_sys: Registered thermal governor 'step_wise'
[    0.245492] cpuidle: using governor menu
[    0.246166] PCI: Using configuration type 1 for base access
[    0.246551] kprobes: kprobe jump-optimization is enabled. All kprobes are optimized if possible.
[    0.247094] HugeTLB: allocation took 0ms with hugepage_allocation_threads=1
[    0.247552] HugeTLB: registered 2.00 MiB page size, pre-allocated 0 pages
[    0.247904] HugeTLB: 28 KiB vmemmap can be freed for a 2.00 MiB page
[    0.251880] ACPI: Added _OSI(Module Device)
[    0.252169] ACPI: Added _OSI(Processor Device)
[    0.252451] ACPI: Added _OSI(Processor Aggregator Device)
[    0.253841] ACPI: 2 ACPI AML tables successfully acquired and loaded
[    0.255043] ACPI: Interpreter enabled
[    0.255491] ACPI: PM: (supports S0 S5)
[    0.255740] ACPI: Using IOAPIC for interrupt routing
[    0.256140] PCI: Using host bridge windows from ACPI; if necessary, use "pci=nocrs" and report a bug
[    0.256484] PCI: Using E820 reservations for host bridge windows
[    0.256873] ACPI: Enabled 2 GPEs in block 00 to 07
[    0.260847] ACPI: PCI Root Bridge [PCI0] (domain 0000 [bus 00-ff])
[    0.261187] acpi PNP0A03:00: _OSC: OS supports [ASPM ClockPM Segments MSI HPX-Type3]
[    0.261486] acpi PNP0A03:00: _OSC: not requesting OS control; OS requires [ExtendedConfig ASPM ClockPM MSI]
[    0.262249] acpi PNP0A03:00: fail to add MMCONFIG information, can't access extended configuration space under this bridge
[    0.262565] PCI host bridge to bus 0000:00
[    0.262828] pci_bus 0000:00: root bus resource [io  0x0000-0x0cf7 window]
[    0.263484] pci_bus 0000:00: root bus resource [io  0x0d00-0xffff window]
[    0.263835] pci_bus 0000:00: root bus resource [mem 0x000a0000-0x000bffff window]
[    0.264333] pci_bus 0000:00: root bus resource [mem 0xe0000000-0xfdffffff window]
[    0.264484] pci_bus 0000:00: root bus resource [bus 00-ff]
[    0.264916] pci 0000:00:00.0: [8086:1237] type 00 class 0x060000 conventional PCI endpoint
[    0.266781] pci 0000:00:01.0: [8086:7000] type 00 class 0x060100 conventional PCI endpoint
[    0.267673] pci 0000:00:01.1: [8086:7111] type 00 class 0x01018a conventional PCI endpoint
[    0.268439] pci 0000:00:01.1: BAR 4 [io  0xd000-0xd00f]
[    0.268528] pci 0000:00:01.1: BAR 0 [io  0x01f0-0x01f7]: legacy IDE quirk
[    0.268909] pci 0000:00:01.1: BAR 1 [io  0x03f6]: legacy IDE quirk
[    0.269484] pci 0000:00:01.1: BAR 2 [io  0x0170-0x0177]: legacy IDE quirk
[    0.269835] pci 0000:00:01.1: BAR 3 [io  0x0376]: legacy IDE quirk
[    0.270313] pci 0000:00:02.0: [15ad:0405] type 00 class 0x030000 conventional PCI endpoint
[    0.272494] pci 0000:00:02.0: BAR 0 [io  0xd010-0xd01f]
[    0.272871] pci 0000:00:02.0: BAR 1 [mem 0xe0000000-0xe0ffffff pref]
[    0.273492] pci 0000:00:02.0: BAR 2 [mem 0xf0000000-0xf01fffff]
[    0.274017] pci 0000:00:02.0: Video device with shadowed ROM at [mem 0x000c0000-0x000dffff]
[    0.274684] pci 0000:00:03.0: [8086:100e] type 00 class 0x020000 conventional PCI endpoint
[    0.276497] pci 0000:00:03.0: BAR 0 [mem 0xf0200000-0xf021ffff]
[    0.276865] pci 0000:00:03.0: BAR 2 [io  0xd020-0xd027]
[    0.277870] pci 0000:00:04.0: [80ee:cafe] type 00 class 0x088000 conventional PCI endpoint
[    0.279696] pci 0000:00:04.0: BAR 0 [io  0xd040-0xd05f]
[    0.280025] pci 0000:00:04.0: BAR 1 [mem 0xf0400000-0xf07fffff]
[    0.280491] pci 0000:00:04.0: BAR 2 [mem 0xf0800000-0xf0803fff pref]
[    0.281013] pci 0000:00:05.0: [8086:2415] type 00 class 0x040100 conventional PCI endpoint
[    0.281713] pci 0000:00:05.0: BAR 0 [io  0xd100-0xd1ff]
[    0.282491] pci 0000:00:05.0: BAR 1 [io  0xd200-0xd23f]
[    0.283032] pci 0000:00:06.0: [106b:003f] type 00 class 0x0c0310 conventional PCI endpoint
[    0.284834] pci 0000:00:06.0: BAR 0 [mem 0xf0804000-0xf0804fff]
[    0.286576] pci 0000:00:07.0: [8086:7113] type 00 class 0x068000 conventional PCI endpoint
[    0.287792] pci 0000:00:07.0: quirk: [io  0x4000-0x403f] claimed by PIIX4 ACPI
[    0.288491] pci 0000:00:07.0: quirk: [io  0x4100-0x410f] claimed by PIIX4 SMB
[    0.289089] pci 0000:00:0b.0: [8086:265c] type 00 class 0x0c0320 conventional PCI endpoint
[    0.290724] pci 0000:00:0b.0: BAR 0 [mem 0xf0805000-0xf0805fff]
[    0.291751] pci 0000:00:0d.0: [8086:2829] type 00 class 0x010601 conventional PCI endpoint
[    0.293790] pci 0000:00:0d.0: BAR 0 [io  0xd240-0xd247]
[    0.294111] pci 0000:00:0d.0: BAR 1 [io  0xd248-0xd24b]
[    0.294492] pci 0000:00:0d.0: BAR 2 [io  0xd250-0xd257]
[    0.294797] pci 0000:00:0d.0: BAR 3 [io  0xd258-0xd25b]
[    0.295491] pci 0000:00:0d.0: BAR 4 [io  0xd260-0xd26f]
[    0.295826] pci 0000:00:0d.0: BAR 5 [mem 0xf0806000-0xf0807fff]
[    0.297767] ACPI: PCI: Interrupt link LNKA configured for IRQ 11
[    0.298273] ACPI: PCI: Interrupt link LNKB configured for IRQ 10
[    0.298544] ACPI: PCI: Interrupt link LNKC configured for IRQ 9
[    0.298954] ACPI: PCI: Interrupt link LNKD configured for IRQ 11
[    0.299568] iommu: Default domain type: Translated
[    0.299854] iommu: DMA domain TLB invalidation policy: lazy mode
[    0.301542] SCSI subsystem initialized
[    0.302514] libata version 3.00 loaded.
[    0.302515] ACPI: bus type USB registered
[    0.302787] usbcore: registered new interface driver usbfs
[    0.303099] usbcore: registered new interface driver hub
[    0.303488] usbcore: registered new device driver usb
[    0.303791] pps_core: LinuxPPS API ver. 1 registered
[    0.304079] pps_core: Software ver. 5.3.6 - Copyright 2005-2007 Rodolfo Giometti <giometti@linux.it>
[    0.304486] PTP clock support registered
[    0.304766] Advanced Linux Sound Architecture Driver Initialized.
[    0.305607] NetLabel: Initializing
[    0.305845] NetLabel:  domain hash size = 128
[    0.306113] NetLabel:  protocols = UNLABELED CIPSOv4 CALIPSO
[    0.306497] NetLabel:  unlabeled traffic allowed by default
[    0.306824] PCI: Using ACPI for IRQ routing
[    0.306824] PCI: pci_cache_line_size set to 64 bytes
[    0.307515] e820: reserve RAM buffer [mem 0x0009fc00-0x0009ffff]
[    0.307517] e820: reserve RAM buffer [mem 0xdfff0000-0xdfffffff]
[    0.307518] e820: reserve RAM buffer [mem 0x11e500000-0x11fffffff]
[    0.307533] pci 0000:00:02.0: vgaarb: setting as boot VGA device
[    0.307827] pci 0000:00:02.0: vgaarb: bridge control possible
[    0.308142] pci 0000:00:02.0: vgaarb: VGA device added: decodes=io+mem,owns=io+mem,locks=none
[    0.308499] vgaarb: loaded
[    0.308945] clocksource: Switched to clocksource kvm-clock
[    0.308945] VFS: Disk quotas dquot_6.6.0
[    0.309218] VFS: Dquot-cache hash table entries: 512 (order 0, 4096 bytes)
[    0.310441] pnp: PnP ACPI init
[    0.311492] pnp: PnP ACPI: found 2 devices
[    0.321410] clocksource: acpi_pm: mask: 0xffffff max_cycles: 0xffffff, max_idle_ns: 2085701024 ns
[    0.322005] NET: Registered PF_INET protocol family
[    0.322426] IP idents hash table entries: 65536 (order: 7, 524288 bytes, linear)
[    0.322978] tcp_listen_portaddr_hash hash table entries: 2048 (order: 3, 32768 bytes, linear)
[    0.322978] Table-perturb hash table entries: 65536 (order: 6, 262144 bytes, linear)
[    0.322978] TCP established hash table entries: 32768 (order: 6, 262144 bytes, linear)
[    0.322978] TCP bind hash table entries: 32768 (order: 8, 1048576 bytes, linear)
[    0.322978] TCP: Hash tables configured (established 32768 bind 32768)
[    0.322978] UDP hash table entries: 2048 (order: 5, 131072 bytes, linear)
[    0.322978] UDP-Lite hash table entries: 2048 (order: 5, 131072 bytes, linear)
[    0.322978] NET: Registered PF_UNIX/PF_LOCAL protocol family
[    0.327455] RPC: Registered named UNIX socket transport module.
[    0.327807] RPC: Registered udp transport module.
[    0.328095] RPC: Registered tcp transport module.
[    0.328382] RPC: Registered tcp-with-tls transport module.
[    0.328702] RPC: Registered tcp NFSv4.1 backchannel transport module.
[    0.329429] pci_bus 0000:00: resource 4 [io  0x0000-0x0cf7 window]
[    0.329779] pci_bus 0000:00: resource 5 [io  0x0d00-0xffff window]
[    0.330118] pci_bus 0000:00: resource 6 [mem 0x000a0000-0x000bffff window]
[    0.330410] pci_bus 0000:00: resource 7 [mem 0xe0000000-0xfdffffff window]
[    0.330410] pci 0000:00:00.0: Limiting direct PCI/PCI transfers
[    0.332658] PCI: CLS 0 bytes, default 64
[    0.332658] PCI-DMA: Using software bounce buffering for IO (SWIOTLB)
[    0.332658] software IO TLB: mapped [mem 0x00000000dbff0000-0x00000000dfff0000] (64MB)
[    0.334075] RAPL PMU: API unit is 2^-32 Joules, 0 fixed counters, 10737418240 ms ovfl timer
[    0.334590] clocksource: tsc: mask: 0xffffffffffffffff max_cycles: 0x2b3d998142a, max_idle_ns: 440795353710 ns
[    0.335239] clocksource: Switched to clocksource tsc
[    0.335568] platform rtc_cmos: registered platform RTC device (no PNP device found)
[    0.338132] Initialise system trusted keyrings
[    0.338500] workingset: timestamp_bits=40 max_order=20 bucket_order=0
[    0.339066] NFS: Registering the id_resolver key type
[    0.339373] Key type id_resolver registered
[    0.339665] Key type id_legacy registered
[    0.340044] 9p: Installing v9fs 9p2000 file system support
[    0.342665] Key type asymmetric registered
[    0.342665] Asymmetric key parser 'x509' registered
[    0.342665] Block layer SCSI generic (bsg) driver version 0.4 loaded (major 251)
[    0.342665] io scheduler mq-deadline registered
[    0.342665] io scheduler kyber registered
[    0.352922] ACPI: AC: AC Adapter [AC] (on-line)
[    0.356316] input: Power Button as /devices/LNXSYSTM:00/LNXPWRBN:00/input/input0
[    0.356865] ACPI: button: Power Button [PWRF]
[    0.357168] input: Sleep Button as /devices/LNXSYSTM:00/LNXSLPBN:00/input/input1
[    0.357678] ACPI: button: Sleep Button [SLPF]
[    0.357822] ACPI: video: Video Device [GFX0] (multi-head: yes  rom: no  post: no)
[    0.357822] input: Video Bus as /devices/LNXSYSTM:00/LNXSYBUS:00/PNP0A03:00/LNXVIDEO:00/input/input2
[    0.359708] Serial: 8250/16550 driver, 4 ports, IRQ sharing enabled
[    0.360668] Non-volatile memory driver v1.3
[    0.360950] Linux agpgart interface v0.103
[    0.361281] ACPI: bus type drm_connector registered
[    0.363338] loop: module loaded
[    0.364233] ahci 0000:00:0d.0: SSS flag set, parallel bus scan disabled
[    0.364795] ahci 0000:00:0d.0: AHCI vers 0001.0100, 32 command slots, 3 Gbps, SATA mode
[    0.364823] ahci 0000:00:0d.0: 4/4 ports implemented (port mask 0xf)
[    0.364823] ahci 0000:00:0d.0: flags: 64bit ncq stag only ccc 
[    0.366585] scsi host0: ahci
[    0.367004] scsi host1: ahci
[    0.367423] scsi host2: ahci
[    0.367823] scsi host3: ahci
[    0.368080] ata1: SATA max UDMA/133 abar m8192@0xf0806000 port 0xf0806100 irq 21 lpm-pol 0
[    0.368586] ata2: SATA max UDMA/133 abar m8192@0xf0806000 port 0xf0806180 irq 21 lpm-pol 0
[    0.368807] ata3: SATA max UDMA/133 abar m8192@0xf0806000 port 0xf0806200 irq 21 lpm-pol 0 ext
[    0.368807] ata4: SATA max UDMA/133 abar m8192@0xf0806000 port 0xf0806280 irq 21 lpm-pol 0 ext
[    0.370603] scsi host4: ata_piix
[    0.371035] scsi host5: ata_piix
[    0.371296] ata5: PATA max UDMA/33 cmd 0x1f0 ctl 0x3f6 bmdma 0xd000 irq 14 lpm-pol 0
[    0.371890] ata6: PATA max UDMA/33 cmd 0x170 ctl 0x376 bmdma 0xd008 irq 15 lpm-pol 0
[    0.372559] e100: Intel(R) PRO/100 Network Driver
[    0.372849] e100: Copyright(c) 1999-2006 Intel Corporation
[    0.372884] e1000: Intel(R) PRO/1000 Network Driver
[    0.372884] e1000: Copyright (c) 1999-2006 Intel Corporation.
[    0.632684] ata6.00: ATAPI: VBOX CD-ROM, 1.0, max UDMA/133
[    0.853506] ata1: SATA link up 3.0 Gbps (SStatus 123 SControl 300)
[    0.854348] ata1.00: ATA-6: VBOX HARDDISK, 1.0, max UDMA/133
[    0.854691] ata1.00: 83886080 sectors, multi 128: LBA48 NCQ (depth 32)
[    0.855187] ata1.00: configured for UDMA/133
[    0.855546] scsi 0:0:0:0: Direct-Access     ATA      VBOX HARDDISK    1.0  PQ: 0 ANSI: 5
[    0.856299] scsi 0:0:0:0: Attached scsi generic sg0 type 0
[    0.856710] sd 0:0:0:0: [sda] 83886080 512-byte logical blocks: (42.9 GB/40.0 GiB)
[    0.857258] sd 0:0:0:0: [sda] Write Protect is off
[    0.857565] sd 0:0:0:0: [sda] Mode Sense: 00 3a 00 00
[    0.857574] sd 0:0:0:0: [sda] Write cache: enabled, read cache: enabled, doesn't support DPO or FUA
[    0.857686] sd 0:0:0:0: [sda] Preferred minimum I/O size 512 bytes
[    1.593967] ata2: SATA link up 3.0 Gbps (SStatus 123 SControl 300)
[    1.594468] ata2.00: ATA-6: VBOX HARDDISK, 1.0, max UDMA/133
[    1.594812] ata2.00: 41943040 sectors, multi 128: LBA48 NCQ (depth 32)
[    1.595451] ata2.00: configured for UDMA/133
[    1.595810] scsi 1:0:0:0: Direct-Access     ATA      VBOX HARDDISK    1.0  PQ: 0 ANSI: 5
[    1.596475] sd 1:0:0:0: [sdb] 41943040 512-byte logical blocks: (21.5 GB/20.0 GiB)
[    1.596743] sd 1:0:0:0: Attached scsi generic sg1 type 0
[    1.596743] sd 1:0:0:0: [sdb] Write Protect is off
[    1.596743] sd 1:0:0:0: [sdb] Mode Sense: 00 3a 00 00
[    1.596743] sd 1:0:0:0: [sdb] Write cache: enabled, read cache: enabled, doesn't support DPO or FUA
[    1.596743] sd 1:0:0:0: [sdb] Preferred minimum I/O size 512 bytes
[    1.596743] e1000 0000:00:03.0 eth0: (PCI:33MHz:32-bit) 08:00:27:ba:96:31
[    1.596743] e1000 0000:00:03.0 eth0: Intel(R) PRO/1000 Network Connection
[    1.596743] e1000e: Intel(R) PRO/1000 Network Driver
[    1.596743] e1000e: Copyright(c) 1999 - 2015 Intel Corporation.
[    1.596743] sky2: driver version 1.30
[    1.608797] ehci-pci 0000:00:0b.0: EHCI Host Controller
[    1.609127] ehci-pci 0000:00:0b.0: new USB bus registered, assigned bus number 1
[    1.609777]  sda: sda1 sda2 sda3 sda4
[    1.609955] ehci-pci 0000:00:0b.0: irq 19, io mem 0xf0805000
[    1.610336] sd 0:0:0:0: [sda] Attached SCSI disk
[    1.620124] ehci-pci 0000:00:0b.0: USB 2.0 started, EHCI 1.00
[    1.620559] usb usb1: New USB device found, idVendor=1d6b, idProduct=0002, bcdDevice= 6.16
[    1.621065] usb usb1: New USB device strings: Mfr=3, Product=2, SerialNumber=1
[    1.621080] usb usb1: Product: EHCI Host Controller
[    1.621918] usb usb1: Manufacturer: Linux 6.16.1-thor_kernel-dacortes ehci_hcd
[    1.622394] usb usb1: SerialNumber: 0000:00:0b.0
[    1.622886] hub 1-0:1.0: USB hub found
[    1.623151] hub 1-0:1.0: 12 ports detected
[    1.623683] ohci-pci 0000:00:06.0: OHCI PCI host controller
[    1.624041] ohci-pci 0000:00:06.0: new USB bus registered, assigned bus number 2
[    1.624602] ohci-pci 0000:00:06.0: irq 22, io mem 0xf0804000
[    1.624999]  sdb: sdb1 sdb2 < sdb5 >
[    1.625327] sd 1:0:0:0: [sdb] Attached SCSI disk
[    2.006975] usb usb2: New USB device found, idVendor=1d6b, idProduct=0001, bcdDevice= 6.16
[    2.007639] usb usb2: New USB device strings: Mfr=3, Product=2, SerialNumber=1
[    2.008107] usb usb2: Product: OHCI PCI host controller
[    2.008408] usb usb2: Manufacturer: Linux 6.16.1-thor_kernel-dacortes ohci_hcd
[    2.008862] usb usb2: SerialNumber: 0000:00:06.0
[    2.009326] hub 2-0:1.0: USB hub found
[    2.009593] hub 2-0:1.0: 12 ports detected
[    2.010351] usbcore: registered new interface driver usblp
[    2.010675] usbcore: registered new interface driver usb-storage
[    2.011069] i8042: PNP: PS/2 Controller [PNP0303:PS2K,PNP0f03:PS2M] at 0x60,0x64 irq 1,12
[    2.012196] serio: i8042 KBD port at 0x60,0x64 irq 1
[    2.012587] serio: i8042 AUX port at 0x60,0x64 irq 12
[    2.013495] input: AT Translated Set 2 keyboard as /devices/platform/i8042/serio0/input/input3
[    2.014408] rtc_cmos rtc_cmos: registered as rtc0
[    2.014841] rtc_cmos rtc_cmos: alarms up to one day, 114 bytes nvram
[    2.015300] device-mapper: ioctl: 4.50.0-ioctl (2025-04-28) initialised: dm-devel@lists.linux.dev
[    2.015825] intel_pstate: CPU model not supported
[    2.016129] hid: raw HID events driver (C) Jiri Kosina
[    2.016562] usbcore: registered new interface driver usbhid
[    2.016881] usbhid: USB HID core driver
[    2.017693] Initializing XFRM netlink socket
[    2.018047] NET: Registered PF_INET6 protocol family
[    2.018737] Segment Routing with IPv6
[    2.018991] In-situ OAM (IOAM) with IPv6
[    2.019265] sit: IPv6, IPv4 and MPLS over IPv4 tunneling driver
[    2.019687] NET: Registered PF_PACKET protocol family
[    2.019996] 9pnet: Installing 9P2000 support
[    2.020271] Key type dns_resolver registered
[    2.020869] IPI shorthand broadcast: enabled
[    2.022692] sched_clock: Marking stable (1975048935, 46643139)->(2027185653, -5493579)
[    2.024520] registered taskstats version 1
[    2.024897] Loading compiled-in X.509 certificates
[    2.027699] Demotion targets for Node 0: null
[    2.028220] PM:   Magic number: 1:562:741
[    2.028533] workqueue writeback: hash matches
[    2.028845] netconsole: network logging started
[    2.028851] input: ImExPS/2 Generic Explorer Mouse as /devices/platform/i8042/serio1/input/input5
[    2.029155] cfg80211: Loading compiled-in X.509 certificates for regulatory database
[    2.030313] kworker/u19:0 (91) used greatest stack depth: 13952 bytes left
[    2.030871] Loaded X.509 cert 'sforshee: 00b28ddf47aef9cea7'
[    2.031330] Loaded X.509 cert 'wens: 61c038651aabdcf94bd0ac7ff06c7248db18c600'
[    2.031836] ALSA device list:
[    2.032087]   No soundcards found.
[    2.032377] platform regulatory.0: Direct firmware load for regulatory.db failed with error -2
[    2.032921] cfg80211: failed to load regulatory.db
[    2.108806] ata3: SATA link down (SStatus 0 SControl 300)
[    2.478441] ata4: SATA link down (SStatus 0 SControl 300)
[    2.479151] scsi 5:0:0:0: CD-ROM            VBOX     CD-ROM           1.0  PQ: 0 ANSI: 5
[    2.549554] usb 2-1: new full-speed USB device number 2 using ohci-pci
[    2.630406] sr 5:0:0:0: [sr0] scsi3-mmc drive: 32x/32x xa/form2 tray
[    2.630767] cdrom: Uniform CD-ROM driver Revision: 3.20
[    2.640518] sr 5:0:0:0: Attached scsi CD-ROM sr0
[    2.642191] sr 5:0:0:0: Attached scsi generic sg2 type 5
[    2.642697] md: Waiting for all devices to be available before autodetect
[    2.643064] md: If you don't use raid, use raid=noautodetect
[    2.643385] md: Autodetecting RAID arrays.
[    2.643650] md: autorun ...
[    2.643870] md: ... autorun DONE.
[    2.653173] EXT4-fs (sda2): INFO: recovery required on readonly filesystem
[    2.653544] EXT4-fs (sda2): write access will be enabled during recovery
[    3.419298] usb 2-1: New USB device found, idVendor=80ee, idProduct=0021, bcdDevice= 1.00
[    3.419796] usb 2-1: New USB device strings: Mfr=1, Product=3, SerialNumber=0
[    3.420185] usb 2-1: Product: USB Tablet
[    3.420467] usb 2-1: Manufacturer: VirtualBox
[    3.431271] input: VirtualBox USB Tablet as /devices/pci0000:00/0000:00:06.0/usb2/2-1/2-1:1.0/0003:80EE:0021.0001/input/input6
[    3.432128] hid-generic 0003:80EE:0021.0001: input,hidraw0: USB HID v1.10 Mouse [VirtualBox USB Tablet] on usb-0000:00:06.0-1/input0
[    3.724516] EXT4-fs (sda2): orphan cleanup on readonly fs
[    3.725126] EXT4-fs (sda2): recovery complete
[    3.810088] EXT4-fs (sda2): mounted filesystem 5b9bd2d7-f01b-4e6b-b79a-d0e986a940ae ro with ordered data mode. Quota mode: none.
[    3.813703] VFS: Mounted root (ext4 filesystem) readonly on device 8:2.
[    3.818227] devtmpfs: mounted
[    3.819204] Freeing unused kernel image (initmem) memory: 2816K
[    3.819659] Write protecting the kernel read-only data: 28672k
[    3.820699] Freeing unused kernel image (text/rodata gap) memory: 1608K
[    3.821401] Freeing unused kernel image (rodata/data gap) memory: 772K
[    3.868835] x86/mm: Checked W+X mappings: passed, no W+X pages found.
[    3.869184] x86/mm: Checking user space page tables
[    3.914880] x86/mm: Checked W+X mappings: passed, no W+X pages found.
[    3.915225] Run /sbin/init as init process
[    3.915484]   with arguments:
[    3.915485]     /sbin/init
[    3.915486]   with environment:
[    3.915486]     HOME=/
[    3.915487]     TERM=linux
[    3.915487]     BOOT_IMAGE=/vmlinuz-6.16.1-lfs-12.4-thor_kernel
[    4.087161] stty (101) used greatest stack depth: 13568 bytes left
[    4.109005] dmesg (102) used greatest stack depth: 13416 bytes left
[    4.122390] ls (104) used greatest stack depth: 12840 bytes left
[    4.163410] mkdir (109) used greatest stack depth: 12520 bytes left
[    4.450981] udevd[227]: Starting systemd-udevd version 257.8
[    4.485151] udevd[228]: Using default interface naming scheme 'v257'.
[    4.555917] e1000 0000:00:03.0 enp0s3: renamed from eth0
[   10.045998] Adding 2096124k swap on /dev/sda4.  Priority:1 extents:1 across:2096124k 
[   10.067858] EXT4-fs (sda2): re-mounted 5b9bd2d7-f01b-4e6b-b79a-d0e986a940ae.
[   11.121384] EXT4-fs (sda2): re-mounted 5b9bd2d7-f01b-4e6b-b79a-d0e986a940ae r/w.
[   11.144602] EXT4-fs (sda1): mounted filesystem 4a88b262-e68d-453f-8e77-b3ed0b0a74cd r/w with ordered data mode. Quota mode: none.
[   11.166862] EXT4-fs (sda3): mounted filesystem 489f7b1f-0dea-4a2d-97e8-ee9f17afd548 r/w with ordered data mode. Quota mode: none.
[   18.199567] e1000: enp0s3 NIC Link is Up 1000 Mbps Full Duplex, Flow Control: RX