[    0.000000] Linux version 6.18.0-rc5-next-20251114-dacortes (root@dacortes) (gcc (GCC) 15.2.0, GNU ld (GNU Binutils) 2.45) #2 SMP PREEMPT_DYNAMIC Sun Nov 16 13:35:30 CET 2025
[    0.000000] Command line: BOOT_IMAGE=/vmlinuz-next-20251114 root=/dev/sda2 ro
[    0.000000] BIOS-provided physical RAM map:
[    0.000000] BIOS-e820: [mem 0x0000000000000000-0x000000000009fbff] usable
[    0.000000] BIOS-e820: [mem 0x000000000009fc00-0x000000000009ffff] reserved
[    0.000000] BIOS-e820: [mem 0x00000000000f0000-0x00000000000fffff] reserved
[    0.000000] BIOS-e820: [mem 0x0000000000100000-0x00000000dffeffff] usable
[    0.000000] BIOS-e820: [mem 0x00000000dfff0000-0x00000000dfffffff] ACPI data
[    0.000000] BIOS-e820: [mem 0x00000000fec00000-0x00000000fec00fff] reserved
[    0.000000] BIOS-e820: [mem 0x00000000fee00000-0x00000000fee00fff] reserved
[    0.000000] BIOS-e820: [mem 0x00000000fffc0000-0x00000000ffffffff] reserved
[    0.000000] BIOS-e820: [mem 0x0000000100000000-0x000000011e4fffff] usable
[    0.000000] NX (Execute Disable) protection: active
[    0.000000] APIC: Static calls initialized
[    0.000000] SMBIOS 2.5 present.
[    0.000000] DMI: innotek GmbH VirtualBox/VirtualBox, BIOS VirtualBox 12/01/2006
[    0.000000] DMI: Memory slots populated: 0/0
[    0.000000] Hypervisor detected: KVM
[    0.000000] last_pfn = 0xe0000 max_arch_pfn = 0x400000000
[    0.000000] kvm-clock: Using msrs 4b564d01 and 4b564d00
[    0.000001] kvm-clock: using sched offset of 10238618657 cycles
[    0.000003] clocksource: kvm-clock: mask: 0xffffffffffffffff max_cycles: 0x1cd42e4dffb, max_idle_ns: 881590591483 ns
[    0.000005] tsc: Detected 2999.874 MHz processor
[    0.001237] e820: update [mem 0x00000000-0x00000fff] usable ==> reserved
[    0.001240] e820: remove [mem 0x000a0000-0x000fffff] usable
[    0.001244] last_pfn = 0x11e500 max_arch_pfn = 0x400000000
[    0.001249] MTRRs disabled by BIOS
[    0.001251] x86/PAT: Configuration [0-7]: WB  WC  UC- UC  WB  WP  UC- WT  
[    0.001258] last_pfn = 0xe0000 max_arch_pfn = 0x400000000
[    0.001307] found SMP MP-table at [mem 0x0009fff0-0x0009ffff]
[    0.002120] ACPI: Early table checksum verification disabled
[    0.002124] ACPI: RSDP 0x00000000000E0000 000024 (v02 VBOX  )
[    0.002128] ACPI: XSDT 0x00000000DFFF0030 00003C (v01 VBOX   VBOXXSDT 00000001 ASL  00000061)
[    0.002132] ACPI: FACP 0x00000000DFFF00F0 0000F4 (v04 VBOX   VBOXFACP 00000001 ASL  00000061)
[    0.002137] ACPI: DSDT 0x00000000DFFF0620 002353 (v02 VBOX   VBOXBIOS 00000002 INTL 20200925)
[    0.002140] ACPI: FACS 0x00000000DFFF0200 000040
[    0.002143] ACPI: FACS 0x00000000DFFF0200 000040
[    0.002145] ACPI: APIC 0x00000000DFFF0240 00006C (v02 VBOX   VBOXAPIC 00000001 ASL  00000061)
[    0.002148] ACPI: SSDT 0x00000000DFFF02B0 00036C (v01 VBOX   VBOXCPUT 00000002 INTL 20200925)
[    0.002151] ACPI: Reserving FACP table memory at [mem 0xdfff00f0-0xdfff01e3]
[    0.002152] ACPI: Reserving DSDT table memory at [mem 0xdfff0620-0xdfff2972]
[    0.002153] ACPI: Reserving FACS table memory at [mem 0xdfff0200-0xdfff023f]
[    0.002153] ACPI: Reserving FACS table memory at [mem 0xdfff0200-0xdfff023f]
[    0.002154] ACPI: Reserving APIC table memory at [mem 0xdfff0240-0xdfff02ab]
[    0.002154] ACPI: Reserving SSDT table memory at [mem 0xdfff02b0-0xdfff061b]
[    0.002299] No NUMA configuration found
[    0.002300] Faking a node at [mem 0x0000000000000000-0x000000011e4fffff]
[    0.002303] NODE_DATA(0) allocated [mem 0x11e4fc900-0x11e4fffff]
[    0.002451] Zone ranges:
[    0.002451]   DMA      [mem 0x0000000000001000-0x0000000000ffffff]
[    0.002453]   DMA32    [mem 0x0000000001000000-0x00000000ffffffff]
[    0.002454]   Normal   [mem 0x0000000100000000-0x000000011e4fffff]
[    0.002455] Movable zone start for each node
[    0.002456] Early memory node ranges
[    0.002457]   node   0: [mem 0x0000000000001000-0x000000000009efff]
[    0.002458]   node   0: [mem 0x0000000000100000-0x00000000dffeffff]
[    0.002459]   node   0: [mem 0x0000000100000000-0x000000011e4fffff]
[    0.002460] Initmem setup node 0 [mem 0x0000000000001000-0x000000011e4fffff]
[    0.002466] On node 0, zone DMA: 1 pages in unavailable ranges
[    0.002494] On node 0, zone DMA: 97 pages in unavailable ranges
[    0.026002] On node 0, zone Normal: 16 pages in unavailable ranges
[    0.026045] On node 0, zone Normal: 6912 pages in unavailable ranges
[    0.026354] ACPI: PM-Timer IO Port: 0x4008
[    0.026414] IOAPIC[0]: apic_id 4, version 32, address 0xfec00000, GSI 0-23
[    0.026417] ACPI: INT_SRC_OVR (bus 0 bus_irq 0 global_irq 2 dfl dfl)
[    0.026419] ACPI: INT_SRC_OVR (bus 0 bus_irq 9 global_irq 9 low level)
[    0.026423] ACPI: Using ACPI (MADT) for SMP configuration information
[    0.026431] CPU topo: Max. logical packages:   1
[    0.026431] CPU topo: Max. logical dies:       1
[    0.026432] CPU topo: Max. dies per package:   1
[    0.026438] CPU topo: Max. threads per core:   1
[    0.026439] CPU topo: Num. cores per package:     4
[    0.026439] CPU topo: Num. threads per package:   4
[    0.026439] CPU topo: Allowing 4 present CPUs plus 0 hotplug CPUs
[    0.026457] PM: hibernation: Registered nosave memory: [mem 0x00000000-0x00000fff]
[    0.026458] PM: hibernation: Registered nosave memory: [mem 0x0009f000-0x000fffff]
[    0.026459] PM: hibernation: Registered nosave memory: [mem 0xdfff0000-0xffffffff]
[    0.026461] [mem 0xe0000000-0xfebfffff] available for PCI devices
[    0.026462] Booting paravirtualized kernel on KVM
[    0.026463] clocksource: refined-jiffies: mask: 0xffffffff max_cycles: 0xffffffff, max_idle_ns: 1910969940391419 ns
[    0.031506] setup_percpu: NR_CPUS:64 nr_cpumask_bits:4 nr_cpu_ids:4 nr_node_ids:1
[    0.032275] percpu: Embedded 52 pages/cpu s173976 r8192 d30824 u524288
[    0.032280] pcpu-alloc: s173976 r8192 d30824 u524288 alloc=1*2097152
[    0.032282] pcpu-alloc: [0] 0 1 2 3 
[    0.032300] Kernel command line: BOOT_IMAGE=/vmlinuz-next-20251114 root=/dev/sda2 ro
[    0.032335] random: crng init done
[    0.032335] printk: log buffer data + meta data: 262144 + 917504 = 1179648 bytes
[    0.033662] Dentry cache hash table entries: 524288 (order: 10, 4194304 bytes, linear)
[    0.034369] Inode-cache hash table entries: 262144 (order: 9, 2097152 bytes, linear)
[    0.034460] software IO TLB: area num 4.
[    0.068796] Fallback order for Node 0: 0 
[    0.068803] Built 1 zonelists, mobility grouping on.  Total pages: 1041550
[    0.068805] Policy zone: Normal
[    0.068806] mem auto-init: stack:all(zero), heap alloc:off, heap free:off
[    0.075469] SLUB: HWalign=64, Order=0-3, MinObjects=0, CPUs=4, Nodes=1
[    0.075481] Kernel/User page tables isolation: enabled
[    0.076692] Dynamic Preempt: voluntary
[    0.077382] rcu: Preemptible hierarchical RCU implementation.
[    0.077383] rcu: 	RCU event tracing is enabled.
[    0.077383] rcu: 	RCU restricting CPUs from NR_CPUS=64 to nr_cpu_ids=4.
[    0.077384] 	Trampoline variant of Tasks RCU enabled.
[    0.077385] 	Tracing variant of Tasks RCU enabled.
[    0.077385] rcu: RCU calculated value of scheduler-enlistment delay is 100 jiffies.
[    0.077386] rcu: Adjusting geometry for rcu_fanout_leaf=16, nr_cpu_ids=4
[    0.077392] RCU Tasks: Setting shift to 2 and lim to 1 rcu_task_cb_adjust=1 rcu_task_cpu_ids=4.
[    0.077394] RCU Tasks Trace: Setting shift to 2 and lim to 1 rcu_task_cb_adjust=1 rcu_task_cpu_ids=4.
[    0.080997] NR_IRQS: 4352, nr_irqs: 456, preallocated irqs: 16
[    0.081170] rcu: srcu_init: Setting srcu_struct sizes based on contention.
[    0.088341] Console: colour VGA+ 80x25
[    0.088344] printk: legacy console [tty0] enabled
[    0.124730] ACPI: Core revision 20250807
[    0.125053] APIC: Switch to symmetric I/O mode setup
[    0.125626] x2apic enabled
[    0.126153] APIC: Switched APIC routing to: physical x2apic
[    0.127783] ..TIMER: vector=0x30 apic1=0 pin1=2 apic2=-1 pin2=-1
[    0.128130] clocksource: tsc-early: mask: 0xffffffffffffffff max_cycles: 0x2b3dce75364, max_idle_ns: 440795265952 ns
[    0.128694] Calibrating delay loop (skipped) preset value.. 5999.74 BogoMIPS (lpj=2999874)
[    0.129300] Last level iTLB entries: 4KB 128, 2MB 8, 4MB 8
[    0.129603] Last level dTLB entries: 4KB 64, 2MB 32, 4MB 32, 1GB 4
[    0.129691] mitigations: Enabled attack vectors: user_kernel, user_user, SMT mitigations: auto
[    0.129691] Speculative Store Bypass: Vulnerable
[    0.129691] SRBDS: Unknown: Dependent on hypervisor status
[    0.129691] Spectre V2 : Mitigation: Retpolines
[    0.129691] RETBleed: Vulnerable
[    0.129691] ITS: Mitigation: Aligned branch/return thunks
[    0.129691] MDS: Mitigation: Clear CPU buffers
[    0.129691] MMIO Stale Data: Mitigation: Clear CPU buffers
[    0.129691] Spectre V1 : Mitigation: usercopy/swapgs barriers and __user pointer sanitization
[    0.129691] Spectre V2 : Spectre v2 / SpectreRSB: Filling RSB on context switch and VMEXIT
[    0.129691] GDS: Unknown: Dependent on hypervisor status
[    0.129691] active return thunk: its_return_thunk
[    0.129691] x86/fpu: Supporting XSAVE feature 0x001: 'x87 floating point registers'
[    0.129691] x86/fpu: Supporting XSAVE feature 0x002: 'SSE registers'
[    0.129691] x86/fpu: Supporting XSAVE feature 0x004: 'AVX registers'
[    0.129691] x86/fpu: xstate_offset[2]:  576, xstate_sizes[2]:  256
[    0.129691] x86/fpu: Enabled xstate features 0x7, context size is 832 bytes, using 'standard' format.
[    0.129691] Freeing SMP alternatives memory: 56K
[    0.129691] pid_max: default: 32768 minimum: 301
[    0.129691] SELinux:  Initializing.
[    0.129691] Mount-cache hash table entries: 8192 (order: 4, 65536 bytes, linear)
[    0.129691] Mountpoint-cache hash table entries: 8192 (order: 4, 65536 bytes, linear)
[    0.244587] APIC calibration not consistent with PM-Timer: 122ms instead of 100ms
[    0.244691] APIC delta adjusted to PM-Timer: 6351573 (7804372)
[    0.244741] smpboot: CPU0: Intel(R) Core(TM) i5-8500 CPU @ 3.00GHz (family: 0x6, model: 0x9e, stepping: 0xa)
[    0.245674] Performance Events: unsupported CPU family 6 model 158 no PMU driver, software events only.
[    0.245715] signal: max sigframe size: 1776
[    0.246013] rcu: Hierarchical SRCU implementation.
[    0.246693] rcu: 	Max phase no-delay instances is 400.
[    0.247030] Timer migration: 1 hierarchy levels; 8 children per group; 1 crossnode level
[    0.252368] smp: Bringing up secondary CPUs ...
[    0.252691] smpboot: x86: Booting SMP configuration:
[    0.252694] .... node  #0, CPUs:      #1 #2 #3
[    0.256762] smp: Brought up 1 node, 4 CPUs
[    0.257693] smpboot: Total of 4 processors activated (23998.99 BogoMIPS)
[    0.258158] Memory: 3981600K/4166200K available (19244K kernel code, 2922K rwdata, 7660K rodata, 2844K init, 816K bss, 180516K reserved, 0K cma-reserved)
[    0.258835] devtmpfs: initialized
[    0.259913] clocksource: jiffies: mask: 0xffffffff max_cycles: 0xffffffff, max_idle_ns: 1911260446275000 ns
[    0.260701] posixtimers hash table entries: 2048 (order: 3, 32768 bytes, linear)
[    0.261220] futex hash table entries: 1024 (65536 bytes on 1 NUMA nodes, total 64 KiB, linear).
[    0.261691] PM: RTC time: 14:06:51, date: 2025-11-16
[    0.262715] NET: Registered PF_NETLINK/PF_ROUTE protocol family
[    0.263137] audit: initializing netlink subsys (disabled)
[    0.264721] audit: type=2000 audit(1763302023.615:1): state=initialized audit_enabled=0 res=1
[    0.264779] thermal_sys: Registered thermal governor 'step_wise'
[    0.265257] cpuidle: using governor menu
[    0.265691] PCI: Using configuration type 1 for base access
[    0.265691] kprobes: kprobe jump-optimization is enabled. All kprobes are optimized if possible.
[    0.268776] HugeTLB: registered 2.00 MiB page size, pre-allocated 0 pages
[    0.269692] HugeTLB: 28 KiB vmemmap can be freed for a 2.00 MiB page
[    0.272156] ACPI: Added _OSI(Module Device)
[    0.272431] ACPI: Added _OSI(Processor Device)
[    0.272691] ACPI: Added _OSI(Processor Aggregator Device)
[    0.275781] ACPI: 2 ACPI AML tables successfully acquired and loaded
[    0.277789] ACPI: Interpreter enabled
[    0.277789] ACPI: PM: (supports S0 S5)
[    0.277962] ACPI: Using IOAPIC for interrupt routing
[    0.278382] PCI: Using host bridge windows from ACPI; if necessary, use "pci=nocrs" and report a bug
[    0.278693] PCI: Using E820 reservations for host bridge windows
[    0.279101] ACPI: Enabled 2 GPEs in block 00 to 07
[    0.283532] ACPI: PCI Root Bridge [PCI0] (domain 0000 [bus 00-ff])
[    0.283695] acpi PNP0A03:00: _OSC: OS supports [ASPM ClockPM Segments MSI HPX-Type3]
[    0.284183] acpi PNP0A03:00: _OSC: not requesting OS control; OS requires [ExtendedConfig ASPM ClockPM MSI]
[    0.284928] acpi PNP0A03:00: fail to add MMCONFIG information, can't access extended configuration space under this bridge
[    0.285759] PCI host bridge to bus 0000:00
[    0.286031] pci_bus 0000:00: root bus resource [io  0x0000-0x0cf7 window]
[    0.286395] pci_bus 0000:00: root bus resource [io  0x0d00-0xffff window]
[    0.286691] pci_bus 0000:00: root bus resource [mem 0x000a0000-0x000bffff window]
[    0.286692] pci_bus 0000:00: root bus resource [mem 0xe0000000-0xfdffffff window]
[    0.287171] pci_bus 0000:00: root bus resource [bus 00-ff]
[    0.287825] pci 0000:00:00.0: [8086:1237] type 00 class 0x060000 conventional PCI endpoint
[    0.288853] pci 0000:00:01.0: [8086:7000] type 00 class 0x060100 conventional PCI endpoint
[    0.290034] pci 0000:00:01.1: [8086:7111] type 00 class 0x01018a conventional PCI endpoint
[    0.290705] pci 0000:00:01.1: BAR 4 [io  0xd000-0xd00f]
[    0.291046] pci 0000:00:01.1: BAR 0 [io  0x01f0-0x01f7]: legacy IDE quirk
[    0.291409] pci 0000:00:01.1: BAR 1 [io  0x03f6]: legacy IDE quirk
[    0.291691] pci 0000:00:01.1: BAR 2 [io  0x0170-0x0177]: legacy IDE quirk
[    0.291692] pci 0000:00:01.1: BAR 3 [io  0x0376]: legacy IDE quirk
[    0.292165] pci 0000:00:02.0: [15ad:0405] type 00 class 0x030000 conventional PCI endpoint
[    0.294709] pci 0000:00:02.0: BAR 0 [io  0xd010-0xd01f]
[    0.295701] pci 0000:00:02.0: BAR 1 [mem 0xe0000000-0xe0ffffff pref]
[    0.296700] pci 0000:00:02.0: BAR 2 [mem 0xf0000000-0xf01fffff]
[    0.297111] pci 0000:00:02.0: Video device with shadowed ROM at [mem 0x000c0000-0x000dffff]
[    0.298707] pci 0000:00:03.0: [8086:100e] type 00 class 0x020000 conventional PCI endpoint
[    0.304953] pci 0000:00:03.0: BAR 0 [mem 0xf0200000-0xf021ffff]
[    0.305693] pci 0000:00:03.0: BAR 2 [io  0xd020-0xd027]
[    0.306404] pci 0000:00:04.0: [80ee:cafe] type 00 class 0x088000 conventional PCI endpoint
[    0.307917] pci 0000:00:04.0: BAR 0 [io  0xd040-0xd05f]
[    0.308702] pci 0000:00:04.0: BAR 1 [mem 0xf0400000-0xf07fffff]
[    0.309052] pci 0000:00:04.0: BAR 2 [mem 0xf0800000-0xf0803fff pref]
[    0.309911] pci 0000:00:05.0: [8086:2415] type 00 class 0x040100 conventional PCI endpoint
[    0.310772] pci 0000:00:05.0: BAR 0 [io  0xd100-0xd1ff]
[    0.311088] pci 0000:00:05.0: BAR 1 [io  0xd200-0xd23f]
[    0.311568] pci 0000:00:06.0: [106b:003f] type 00 class 0x0c0310 conventional PCI endpoint
[    0.313014] pci 0000:00:06.0: BAR 0 [mem 0xf0804000-0xf0804fff]
[    0.313979] pci 0000:00:07.0: [8086:7113] type 00 class 0x068000 conventional PCI endpoint
[    0.314976] pci 0000:00:07.0: quirk: [io  0x4000-0x403f] claimed by PIIX4 ACPI
[    0.315701] pci 0000:00:07.0: quirk: [io  0x4100-0x410f] claimed by PIIX4 SMB
[    0.316271] pci 0000:00:0b.0: [8086:265c] type 00 class 0x0c0320 conventional PCI endpoint
[    0.318691] pci 0000:00:0b.0: BAR 0 [mem 0xf0805000-0xf0805fff]
[    0.321007] pci 0000:00:0d.0: [8086:2829] type 00 class 0x010601 conventional PCI endpoint
[    0.327944] pci 0000:00:0d.0: BAR 0 [io  0xd240-0xd247]
[    0.328702] pci 0000:00:0d.0: BAR 1 [io  0xd248-0xd24b]
[    0.329028] pci 0000:00:0d.0: BAR 2 [io  0xd250-0xd257]
[    0.329341] pci 0000:00:0d.0: BAR 3 [io  0xd258-0xd25b]
[    0.329700] pci 0000:00:0d.0: BAR 4 [io  0xd260-0xd26f]
[    0.330016] pci 0000:00:0d.0: BAR 5 [mem 0xf0806000-0xf0807fff]
[    0.332104] ACPI: PCI: Interrupt link LNKA configured for IRQ 11
[    0.332603] ACPI: PCI: Interrupt link LNKB configured for IRQ 10
[    0.332754] ACPI: PCI: Interrupt link LNKC configured for IRQ 9
[    0.333147] ACPI: PCI: Interrupt link LNKD configured for IRQ 11
[    0.333831] iommu: Default domain type: Translated
[    0.334129] iommu: DMA domain TLB invalidation policy: lazy mode
[    0.334983] SCSI subsystem initialized
[    0.335065] libata version 3.00 loaded.
[    0.335065] ACPI: bus type USB registered
[    0.335065] usbcore: registered new interface driver usbfs
[    0.335700] usbcore: registered new interface driver hub
[    0.336016] usbcore: registered new device driver usb
[    0.336333] pps_core: LinuxPPS API ver. 1 registered
[    0.336692] pps_core: Software ver. 5.3.6 - Copyright 2005-2007 Rodolfo Giometti <giometti@linux.it>
[    0.337226] PTP clock support registered
[    0.337723] Advanced Linux Sound Architecture Driver Initialized.
[    0.338217] NetLabel: Initializing
[    0.338462] NetLabel:  domain hash size = 128
[    0.338692] NetLabel:  protocols = UNLABELED CIPSOv4 CALIPSO
[    0.339036] NetLabel:  unlabeled traffic allowed by default
[    0.339753] PCI: Using ACPI for IRQ routing
[    0.340197] PCI: pci_cache_line_size set to 64 bytes
[    0.340346] e820: reserve RAM buffer [mem 0x0009fc00-0x0009ffff]
[    0.340353] e820: reserve RAM buffer [mem 0xdfff0000-0xdfffffff]
[    0.340355] e820: reserve RAM buffer [mem 0x11e500000-0x11fffffff]
[    0.340711] pci 0000:00:02.0: vgaarb: setting as boot VGA device
[    0.341048] pci 0000:00:02.0: vgaarb: bridge control possible
[    0.341373] pci 0000:00:02.0: vgaarb: VGA device added: decodes=io+mem,owns=io+mem,locks=none
[    0.341695] vgaarb: loaded
[    0.353319] clocksource: Switched to clocksource kvm-clock
[    0.353983] VFS: Disk quotas dquot_6.6.0
[    0.354261] VFS: Dquot-cache hash table entries: 512 (order 0, 4096 bytes)
[    0.354812] pnp: PnP ACPI init
[    0.355598] pnp: PnP ACPI: found 2 devices
[    0.365768] clocksource: acpi_pm: mask: 0xffffff max_cycles: 0xffffff, max_idle_ns: 2085701024 ns
[    0.366340] NET: Registered PF_INET protocol family
[    0.366692] IP idents hash table entries: 65536 (order: 7, 524288 bytes, linear)
[    0.366763] tcp_listen_portaddr_hash hash table entries: 2048 (order: 3, 32768 bytes, linear)
[    0.366763] Table-perturb hash table entries: 65536 (order: 6, 262144 bytes, linear)
[    0.366763] TCP established hash table entries: 32768 (order: 6, 262144 bytes, linear)
[    0.366763] TCP bind hash table entries: 32768 (order: 8, 1048576 bytes, linear)
[    0.371375] TCP: Hash tables configured (established 32768 bind 32768)
[    0.371777] UDP hash table entries: 2048 (order: 5, 131072 bytes, linear)
[    0.372288] UDP-Lite hash table entries: 2048 (order: 5, 131072 bytes, linear)
[    0.372793] NET: Registered PF_UNIX/PF_LOCAL protocol family
[    0.373614] RPC: Registered named UNIX socket transport module.
[    0.373952] RPC: Registered udp transport module.
[    0.374239] RPC: Registered tcp transport module.
[    0.374534] RPC: Registered tcp-with-tls transport module.
[    0.374858] RPC: Registered tcp NFSv4.1 backchannel transport module.
[    0.375640] pci_bus 0000:00: resource 4 [io  0x0000-0x0cf7 window]
[    0.375986] pci_bus 0000:00: resource 5 [io  0x0d00-0xffff window]
[    0.376333] pci_bus 0000:00: resource 6 [mem 0x000a0000-0x000bffff window]
[    0.376698] pci_bus 0000:00: resource 7 [mem 0xe0000000-0xfdffffff window]
[    0.377094] pci 0000:00:00.0: Limiting direct PCI/PCI transfers
[    0.378852] PCI: CLS 0 bytes, default 64
[    0.379144] PCI-DMA: Using software bounce buffering for IO (SWIOTLB)
[    0.379494] software IO TLB: mapped [mem 0x00000000dbff0000-0x00000000dfff0000] (64MB)
[    0.379682] RAPL PMU: API unit is 2^-32 Joules, 0 fixed counters, 10737418240 ms ovfl timer
[    0.379682] clocksource: tsc: mask: 0xffffffffffffffff max_cycles: 0x2b3dce75364, max_idle_ns: 440795265952 ns
[    0.381249] clocksource: Switched to clocksource tsc
[    0.381589] platform rtc_cmos: registered platform RTC device (no PNP device found)
[    0.382937] Initialise system trusted keyrings
[    0.383294] workingset: timestamp_bits=40 max_order=20 bucket_order=0
[    0.385012] NFS: Registering the id_resolver key type
[    0.385333] Key type id_resolver registered
[    0.385604] Key type id_legacy registered
[    0.385970] 9p: Installing v9fs 9p2000 file system support
[    0.390277] Key type asymmetric registered
[    0.390277] Asymmetric key parser 'x509' registered
[    0.390277] Block layer SCSI generic (bsg) driver version 0.4 loaded (major 251)
[    0.390277] io scheduler mq-deadline registered
[    0.390277] io scheduler kyber registered
[    0.399192] ACPI: AC: AC Adapter [AC] (on-line)
[    0.399525] input: Power Button as /devices/LNXSYSTM:00/LNXPWRBN:00/input/input0
[    0.400137] ACPI: button: Power Button [PWRF]
[    0.400454] input: Sleep Button as /devices/LNXSYSTM:00/LNXSLPBN:00/input/input1
[    0.404105] ACPI: button: Sleep Button [SLPF]
[    0.404455] ACPI: video: Video Device [GFX0] (multi-head: yes  rom: no  post: no)
[    0.404986] input: Video Bus as /devices/LNXSYSTM:00/LNXSYBUS:00/PNP0A03:00/LNXVIDEO:00/input/input2
[    0.406049] Serial: 8250/16550 driver, 4 ports, IRQ sharing enabled
[    0.406957] Non-volatile memory driver v1.3
[    0.407231] Linux agpgart interface v0.103
[    0.407574] ACPI: bus type drm_connector registered
[    0.410831] loop: module loaded
[    0.412228] ahci 0000:00:0d.0: SSS flag set, parallel bus scan disabled
[    0.412685] ahci 0000:00:0d.0: AHCI vers 0001.0100, 32 command slots, 3 Gbps, SATA mode
[    0.412685] ahci 0000:00:0d.0: 4/4 ports implemented (port mask 0xf)
[    0.412685] ahci 0000:00:0d.0: flags: 64bit ncq stag only ccc 
[    0.414780] scsi host0: ahci
[    0.415319] scsi host1: ahci
[    0.415754] scsi host2: ahci
[    0.416170] scsi host3: ahci
[    0.416439] ata1: SATA max UDMA/133 abar m8192@0xf0806000 port 0xf0806100 irq 21 lpm-pol 1
[    0.416948] ata2: SATA max UDMA/133 abar m8192@0xf0806000 port 0xf0806180 irq 21 lpm-pol 1
[    0.417400] ata3: SATA max UDMA/133 abar m8192@0xf0806000 port 0xf0806200 irq 21 lpm-pol 1 ext
[    0.417400] ata4: SATA max UDMA/133 abar m8192@0xf0806000 port 0xf0806280 irq 21 lpm-pol 1 ext
[    0.418996] scsi host4: ata_piix
[    0.419524] scsi host5: ata_piix
[    0.419789] ata5: PATA max UDMA/33 cmd 0x1f0 ctl 0x3f6 bmdma 0xd000 irq 14 lpm-pol 0
[    0.420341] ata6: PATA max UDMA/33 cmd 0x170 ctl 0x376 bmdma 0xd008 irq 15 lpm-pol 0
[    0.421094] e100: Intel(R) PRO/100 Network Driver
[    0.421408] e100: Copyright(c) 1999-2006 Intel Corporation
[    0.421736] e1000: Intel(R) PRO/1000 Network Driver
[    0.422033] e1000: Copyright (c) 1999-2006 Intel Corporation.
[    0.648532] ata6.00: ATAPI: VBOX CD-ROM, 1.0, max UDMA/133
[    0.742363] ata1: SATA link up 3.0 Gbps (SStatus 123 SControl 300)
[    0.742996] ata1.00: ATA-6: VBOX HARDDISK, 1.0, max UDMA/133
[    0.743375] ata1.00: 83886080 sectors, multi 128: LBA48 NCQ (depth 32)
[    0.744070] ata1.00: configured for UDMA/133
[    0.745364] scsi 0:0:0:0: Direct-Access     ATA      VBOX HARDDISK    1.0  PQ: 0 ANSI: 5
[    0.746099] sd 0:0:0:0: [sda] 83886080 512-byte logical blocks: (42.9 GB/40.0 GiB)
[    0.746664] sd 0:0:0:0: Attached scsi generic sg0 type 0
[    0.747006] sd 0:0:0:0: [sda] Write Protect is off
[    0.747327] sd 0:0:0:0: [sda] Mode Sense: 00 3a 00 00
[    0.747352] sd 0:0:0:0: [sda] Write cache: enabled, read cache: enabled, doesn't support DPO or FUA
[    0.747923] sd 0:0:0:0: [sda] Preferred minimum I/O size 512 bytes
[    0.774489]  sda: sda1 sda2 sda3 sda4
[    0.775218] sd 0:0:0:0: [sda] Attached SCSI disk
[    0.834531] e1000 0000:00:03.0 eth0: (PCI:33MHz:32-bit) 08:00:27:ba:96:31
[    0.834531] e1000 0000:00:03.0 eth0: Intel(R) PRO/1000 Network Connection
[    0.834531] e1000e: Intel(R) PRO/1000 Network Driver
[    0.834531] e1000e: Copyright(c) 1999 - 2015 Intel Corporation.
[    0.834531] sky2: driver version 1.30
[    0.848102] ehci-pci 0000:00:0b.0: EHCI Host Controller
[    0.848816] ehci-pci 0000:00:0b.0: new USB bus registered, assigned bus number 1
[    0.849492] ehci-pci 0000:00:0b.0: irq 19, io mem 0xf0805000
[    0.942436] ehci-pci 0000:00:0b.0: USB 2.0 started, EHCI 1.00
[    0.942947] usb usb1: New USB device found, idVendor=1d6b, idProduct=0002, bcdDevice= 6.18
[    0.943395] usb usb1: New USB device strings: Mfr=3, Product=2, SerialNumber=1
[    0.943395] usb usb1: Product: EHCI Host Controller
[    0.943395] usb usb1: Manufacturer: Linux 6.18.0-rc5-next-20251114-dacortes ehci_hcd
[    0.943395] usb usb1: SerialNumber: 0000:00:0b.0
[    0.945276] hub 1-0:1.0: USB hub found
[    0.945546] hub 1-0:1.0: 12 ports detected
[    0.946072] ohci-pci 0000:00:06.0: OHCI PCI host controller
[    0.946534] ohci-pci 0000:00:06.0: new USB bus registered, assigned bus number 2
[    0.947131] ohci-pci 0000:00:06.0: irq 22, io mem 0xf0804000
[    0.998735] usb usb2: New USB device found, idVendor=1d6b, idProduct=0001, bcdDevice= 6.18
[    0.999241] usb usb2: New USB device strings: Mfr=3, Product=2, SerialNumber=1
[    0.999412] usb usb2: Product: OHCI PCI host controller
[    0.999412] usb usb2: Manufacturer: Linux 6.18.0-rc5-next-20251114-dacortes ohci_hcd
[    0.999412] usb usb2: SerialNumber: 0000:00:06.0
[    1.000954] hub 2-0:1.0: USB hub found
[    1.001237] hub 2-0:1.0: 12 ports detected
[    1.001849] usbcore: registered new interface driver usblp
[    1.002176] usbcore: registered new interface driver usb-storage
[    1.002542] i8042: PNP: PS/2 Controller [PNP0303:PS2K,PNP0f03:PS2M] at 0x60,0x64 irq 1,12
[    1.003669] serio: i8042 KBD port at 0x60,0x64 irq 1
[    1.003965] serio: i8042 AUX port at 0x60,0x64 irq 12
[    1.005122] rtc_cmos rtc_cmos: registered as rtc0
[    1.005641] rtc_cmos rtc_cmos: alarms up to one day, 114 bytes nvram
[    1.006099] input: AT Translated Set 2 keyboard as /devices/platform/i8042/serio0/input/input3
[    1.006675] device-mapper: ioctl: 4.50.0-ioctl (2025-04-28) initialised: dm-devel@lists.linux.dev
[    1.006686] intel_pstate: CPU model not supported
[    1.007547] hid: raw HID events driver (C) Jiri Kosina
[    1.008002] usbcore: registered new interface driver usbhid
[    1.008331] usbhid: USB HID core driver
[    1.008973] Initializing XFRM netlink socket
[    1.009325] NET: Registered PF_INET6 protocol family
[    1.009844] Segment Routing with IPv6
[    1.010160] In-situ OAM (IOAM) with IPv6
[    1.010466] sit: IPv6, IPv4 and MPLS over IPv4 tunneling driver
[    1.010910] NET: Registered PF_PACKET protocol family
[    1.011223] 9pnet: Installing 9P2000 support
[    1.011510] Key type dns_resolver registered
[    1.012125] IPI shorthand broadcast: enabled
[    1.012860] input: ImExPS/2 Generic Explorer Mouse as /devices/platform/i8042/serio1/input/input5
[    1.015168] sched_clock: Marking stable (967027298, 47216208)->(1051120334, -36876828)
[    1.015952] registered taskstats version 1
[    1.016217] Loading compiled-in X.509 certificates
[    1.018319] Demotion targets for Node 0: null
[    1.018703] PM:   Magic number: 1:782:131
[    1.019062] netconsole: network logging started
[    1.019382] cfg80211: Loading compiled-in X.509 certificates for regulatory database
[    1.019965] kworker/u18:6 (93) used greatest stack depth: 14376 bytes left
[    1.020312] Loaded X.509 cert 'sforshee: 00b28ddf47aef9cea7'
[    1.020863] Loaded X.509 cert 'wens: 61c038651aabdcf94bd0ac7ff06c7248db18c600'
[    1.021568] faux_driver regulatory: Direct firmware load for regulatory.db failed with error -2
[    1.022079] cfg80211: failed to load regulatory.db
[    1.022413] ALSA device list:
[    1.022665]   No soundcards found.
[    1.022937] check access for rdinit=/init failed: -2, ignoring
[    1.060662] ata2: SATA link up 3.0 Gbps (SStatus 123 SControl 300)
[    1.061234] ata2.00: ATA-6: VBOX HARDDISK, 1.0, max UDMA/133
[    1.061562] ata2.00: 41943040 sectors, multi 128: LBA48 NCQ (depth 32)
[    1.062195] ata2.00: configured for UDMA/133
[    1.062606] scsi 1:0:0:0: Direct-Access     ATA      VBOX HARDDISK    1.0  PQ: 0 ANSI: 5
[    1.063282] sd 1:0:0:0: [sdb] 41943040 512-byte logical blocks: (21.5 GB/20.0 GiB)
[    1.063801] sd 1:0:0:0: Attached scsi generic sg1 type 0
[    1.064127] sd 1:0:0:0: [sdb] Write Protect is off
[    1.064428] sd 1:0:0:0: [sdb] Mode Sense: 00 3a 00 00
[    1.064438] sd 1:0:0:0: [sdb] Write cache: enabled, read cache: enabled, doesn't support DPO or FUA
[    1.065001] sd 1:0:0:0: [sdb] Preferred minimum I/O size 512 bytes
[    1.141693]  sdb: sdb1 sdb2 < sdb5 >
[    1.142386] sd 1:0:0:0: [sdb] Attached SCSI disk
[    1.692597] usb 2-1: new full-speed USB device number 2 using ohci-pci
[    1.743039] ata3: SATA link down (SStatus 0 SControl 300)
[    1.981858] usb 2-1: New USB device found, idVendor=80ee, idProduct=0021, bcdDevice= 1.00
[    1.982360] usb 2-1: New USB device strings: Mfr=1, Product=3, SerialNumber=0
[    1.982766] usb 2-1: Product: USB Tablet
[    1.983065] usb 2-1: Manufacturer: VirtualBox
[    1.994226] input: VirtualBox USB Tablet as /devices/pci0000:00/0000:00:06.0/usb2/2-1/2-1:1.0/0003:80EE:0021.0001/input/input6
[    1.995104] hid-generic 0003:80EE:0021.0001: input,hidraw0: USB HID v1.10 Mouse [VirtualBox USB Tablet] on usb-0000:00:06.0-1/input0
[    2.052481] ata4: SATA link down (SStatus 0 SControl 300)
[    2.053373] scsi 5:0:0:0: CD-ROM            VBOX     CD-ROM           1.0  PQ: 0 ANSI: 5
[    2.137508] sr 5:0:0:0: [sr0] scsi3-mmc drive: 32x/32x xa/form2 tray
[    2.137867] cdrom: Uniform CD-ROM driver Revision: 3.20
[    2.845940] sr 5:0:0:0: Attached scsi CD-ROM sr0
[    2.846073] sr 5:0:0:0: Attached scsi generic sg2 type 5
[    2.846487] md: Waiting for all devices to be available before autodetect
[    2.846864] md: If you don't use raid, use raid=noautodetect
[    2.847184] md: Autodetecting RAID arrays.
[    2.847503] md: autorun ...
[    2.847718] md: ... autorun DONE.
[    3.196204] EXT4-fs (sda2): orphan cleanup on readonly fs
[    3.196996] EXT4-fs (sda2): mounted filesystem 5b9bd2d7-f01b-4e6b-b79a-d0e986a940ae ro with ordered data mode. Quota mode: none.
[    3.197641] VFS: Mounted root (ext4 filesystem) readonly on device 8:2.
[    3.199282] devtmpfs: mounted
[    3.200083] Freeing unused kernel image (initmem) memory: 2844K
[    3.200530] Write protecting the kernel read-only data: 28672k
[    3.201494] Freeing unused kernel image (text/rodata gap) memory: 1232K
[    3.202160] Freeing unused kernel image (rodata/data gap) memory: 532K
[    3.252164] x86/mm: Checked W+X mappings: passed, no W+X pages found.
[    3.255691] x86/mm: Checking user space page tables
[    3.303899] x86/mm: Checked W+X mappings: passed, no W+X pages found.
[    3.304259] Run /sbin/init as init process
[    3.304525]   with arguments:
[    3.304526]     /sbin/init
[    3.304527]   with environment:
[    3.304527]     HOME=/
[    3.304528]     TERM=linux
[    3.457521] stty (104) used greatest stack depth: 12888 bytes left
[    3.514190] mountpoint (110) used greatest stack depth: 12808 bytes left
[    3.518594] mount (111) used greatest stack depth: 12712 bytes left
[    3.539261] sed (117) used greatest stack depth: 12592 bytes left
[    3.608993] sed (172) used greatest stack depth: 12496 bytes left
[    3.888481] udevd[230]: Starting systemd-udevd version 257.8
[    3.921037] udevd[231]: Using default interface naming scheme 'v257'.
[    3.996063] e1000 0000:00:03.0 enp0s3: renamed from eth0
[   12.907682] Adding 2096124k swap on /dev/sda4.  Priority:1 extents:1 across:2096124k 
[   12.926746] EXT4-fs (sda2): re-mounted 5b9bd2d7-f01b-4e6b-b79a-d0e986a940ae.
[   13.027254] EXT4-fs (sda2): re-mounted 5b9bd2d7-f01b-4e6b-b79a-d0e986a940ae r/w.
[   13.137713] EXT4-fs (sda1): mounted filesystem 4a88b262-e68d-453f-8e77-b3ed0b0a74cd r/w with ordered data mode. Quota mode: none.
[   13.243909] EXT4-fs (sda3): mounted filesystem 489f7b1f-0dea-4a2d-97e8-ee9f17afd548 r/w with ordered data mode. Quota mode: none.
[   22.573685] e1000: enp0s3 NIC Link is Up 1000 Mbps Full Duplex, Flow Control: RX