[    0.000000] Linux version 6.16.1-dacortes (root@dacortes) (gcc (GCC) 15.2.0, GNU ld (GNU Binutils) 2.45) #3 SMP PREEMPT_DYNAMIC Thu Oct 30 11:45:39 CET 2025
[    0.000000] Command line: BOOT_IMAGE=/vmlinuz-6.16.1-lfs-12.4-dacortes root=/dev/sda2 ro
[    0.000000] BIOS-provided physical RAM map:
[    0.000000] BIOS-e820: [mem 0x0000000000000000-0x000000000009fbff] usable
[    0.000000] BIOS-e820: [mem 0x000000000009fc00-0x000000000009ffff] reserved
[    0.000000] BIOS-e820: [mem 0x00000000000f0000-0x00000000000fffff] reserved
[    0.000000] BIOS-e820: [mem 0x0000000000100000-0x00000000dffeffff] usable
[    0.000000] BIOS-e820: [mem 0x00000000dfff0000-0x00000000dfffffff] ACPI data
[    0.000000] BIOS-e820: [mem 0x00000000fec00000-0x00000000fec00fff] reserved
[    0.000000] BIOS-e820: [mem 0x00000000fee00000-0x00000000fee00fff] reserved
[    0.000000] BIOS-e820: [mem 0x00000000fffc0000-0x00000000ffffffff] reserved
[    0.000000] BIOS-e820: [mem 0x0000000100000000-0x000000011e4fffff] usable
[    0.000000] NX (Execute Disable) protection: active
[    0.000000] APIC: Static calls initialized
[    0.000000] SMBIOS 2.5 present.
[    0.000000] DMI: innotek GmbH VirtualBox/VirtualBox, BIOS VirtualBox 12/01/2006
[    0.000000] DMI: Memory slots populated: 0/0
[    0.000000] Hypervisor detected: KVM
[    0.000000] kvm-clock: Using msrs 4b564d01 and 4b564d00
[    0.000001] kvm-clock: using sched offset of 8650555788 cycles
[    0.000003] clocksource: kvm-clock: mask: 0xffffffffffffffff max_cycles: 0x1cd42e4dffb, max_idle_ns: 881590591483 ns
[    0.000005] tsc: Detected 2999.908 MHz processor
[    0.001366] e820: update [mem 0x00000000-0x00000fff] usable ==> reserved
[    0.001369] e820: remove [mem 0x000a0000-0x000fffff] usable
[    0.001373] last_pfn = 0x11e500 max_arch_pfn = 0x400000000
[    0.001379] MTRRs disabled by BIOS
[    0.001381] x86/PAT: Configuration [0-7]: WB  WC  UC- UC  WB  WP  UC- WT  
[    0.001387] last_pfn = 0xe0000 max_arch_pfn = 0x400000000
[    0.001436] found SMP MP-table at [mem 0x0009fff0-0x0009ffff]
[    0.001660] ACPI: Early table checksum verification disabled
[    0.001663] ACPI: RSDP 0x00000000000E0000 000024 (v02 VBOX  )
[    0.001666] ACPI: XSDT 0x00000000DFFF0030 00003C (v01 VBOX   VBOXXSDT 00000001 ASL  00000061)
[    0.001671] ACPI: FACP 0x00000000DFFF00F0 0000F4 (v04 VBOX   VBOXFACP 00000001 ASL  00000061)
[    0.001675] ACPI: DSDT 0x00000000DFFF0620 002353 (v02 VBOX   VBOXBIOS 00000002 INTL 20200925)
[    0.001678] ACPI: FACS 0x00000000DFFF0200 000040
[    0.001681] ACPI: FACS 0x00000000DFFF0200 000040
[    0.001683] ACPI: APIC 0x00000000DFFF0240 00006C (v02 VBOX   VBOXAPIC 00000001 ASL  00000061)
[    0.001686] ACPI: SSDT 0x00000000DFFF02B0 00036C (v01 VBOX   VBOXCPUT 00000002 INTL 20200925)
[    0.001688] ACPI: Reserving FACP table memory at [mem 0xdfff00f0-0xdfff01e3]
[    0.001689] ACPI: Reserving DSDT table memory at [mem 0xdfff0620-0xdfff2972]
[    0.001690] ACPI: Reserving FACS table memory at [mem 0xdfff0200-0xdfff023f]
[    0.001691] ACPI: Reserving FACS table memory at [mem 0xdfff0200-0xdfff023f]
[    0.001691] ACPI: Reserving APIC table memory at [mem 0xdfff0240-0xdfff02ab]
[    0.001692] ACPI: Reserving SSDT table memory at [mem 0xdfff02b0-0xdfff061b]
[    0.001833] No NUMA configuration found
[    0.001834] Faking a node at [mem 0x0000000000000000-0x000000011e4fffff]
[    0.001837] NODE_DATA(0) allocated [mem 0x11e4fc900-0x11e4fffff]
[    0.001955] Zone ranges:
[    0.001955]   DMA      [mem 0x0000000000001000-0x0000000000ffffff]
[    0.001957]   DMA32    [mem 0x0000000001000000-0x00000000ffffffff]
[    0.001958]   Normal   [mem 0x0000000100000000-0x000000011e4fffff]
[    0.001959] Movable zone start for each node
[    0.001960] Early memory node ranges
[    0.001960]   node   0: [mem 0x0000000000001000-0x000000000009efff]
[    0.001961]   node   0: [mem 0x0000000000100000-0x00000000dffeffff]
[    0.001962]   node   0: [mem 0x0000000100000000-0x000000011e4fffff]
[    0.001963] Initmem setup node 0 [mem 0x0000000000001000-0x000000011e4fffff]
[    0.001968] On node 0, zone DMA: 1 pages in unavailable ranges
[    0.001996] On node 0, zone DMA: 97 pages in unavailable ranges
[    0.021525] On node 0, zone Normal: 16 pages in unavailable ranges
[    0.021579] On node 0, zone Normal: 6912 pages in unavailable ranges
[    0.021887] ACPI: PM-Timer IO Port: 0x4008
[    0.021947] IOAPIC[0]: apic_id 4, version 32, address 0xfec00000, GSI 0-23
[    0.021950] ACPI: INT_SRC_OVR (bus 0 bus_irq 0 global_irq 2 dfl dfl)
[    0.021952] ACPI: INT_SRC_OVR (bus 0 bus_irq 9 global_irq 9 low level)
[    0.021956] ACPI: Using ACPI (MADT) for SMP configuration information
[    0.021963] CPU topo: Max. logical packages:   1
[    0.021964] CPU topo: Max. logical dies:       1
[    0.021964] CPU topo: Max. dies per package:   1
[    0.021971] CPU topo: Max. threads per core:   1
[    0.021971] CPU topo: Num. cores per package:     4
[    0.021972] CPU topo: Num. threads per package:   4
[    0.021972] CPU topo: Allowing 4 present CPUs plus 0 hotplug CPUs
[    0.021989] PM: hibernation: Registered nosave memory: [mem 0x00000000-0x00000fff]
[    0.021991] PM: hibernation: Registered nosave memory: [mem 0x0009f000-0x000fffff]
[    0.021992] PM: hibernation: Registered nosave memory: [mem 0xdfff0000-0xffffffff]
[    0.021993] [mem 0xe0000000-0xfebfffff] available for PCI devices
[    0.021994] Booting paravirtualized kernel on KVM
[    0.021995] clocksource: refined-jiffies: mask: 0xffffffff max_cycles: 0xffffffff, max_idle_ns: 1910969940391419 ns
[    0.026996] setup_percpu: NR_CPUS:64 nr_cpumask_bits:4 nr_cpu_ids:4 nr_node_ids:1
[    0.027233] percpu: Embedded 52 pages/cpu s172760 r8192 d32040 u524288
[    0.027237] pcpu-alloc: s172760 r8192 d32040 u524288 alloc=1*2097152
[    0.027239] pcpu-alloc: [0] 0 1 2 3 
[    0.027256] Kernel command line: BOOT_IMAGE=/vmlinuz-6.16.1-lfs-12.4-dacortes root=/dev/sda2 ro
[    0.027277] Unknown kernel command line parameters "BOOT_IMAGE=/vmlinuz-6.16.1-lfs-12.4-dacortes", will be passed to user space.
[    0.027300] random: crng init done
[    0.027301] printk: log buffer data + meta data: 262144 + 917504 = 1179648 bytes
[    0.028904] Dentry cache hash table entries: 524288 (order: 10, 4194304 bytes, linear)
[    0.029540] Inode-cache hash table entries: 262144 (order: 9, 2097152 bytes, linear)
[    0.029630] software IO TLB: area num 4.
[    0.058146] Fallback order for Node 0: 0 
[    0.058154] Built 1 zonelists, mobility grouping on.  Total pages: 1041550
[    0.058156] Policy zone: Normal
[    0.058157] mem auto-init: stack:all(zero), heap alloc:off, heap free:off
[    0.065117] SLUB: HWalign=64, Order=0-3, MinObjects=0, CPUs=4, Nodes=1
[    0.065128] Kernel/User page tables isolation: enabled
[    0.066066] Dynamic Preempt: voluntary
[    0.066654] rcu: Preemptible hierarchical RCU implementation.
[    0.066655] rcu: 	RCU event tracing is enabled.
[    0.066655] rcu: 	RCU restricting CPUs from NR_CPUS=64 to nr_cpu_ids=4.
[    0.066657] 	Trampoline variant of Tasks RCU enabled.
[    0.066657] 	Tracing variant of Tasks RCU enabled.
[    0.066658] rcu: RCU calculated value of scheduler-enlistment delay is 100 jiffies.
[    0.066659] rcu: Adjusting geometry for rcu_fanout_leaf=16, nr_cpu_ids=4
[    0.066663] RCU Tasks: Setting shift to 2 and lim to 1 rcu_task_cb_adjust=1 rcu_task_cpu_ids=4.
[    0.066665] RCU Tasks Trace: Setting shift to 2 and lim to 1 rcu_task_cb_adjust=1 rcu_task_cpu_ids=4.
[    0.070200] NR_IRQS: 4352, nr_irqs: 456, preallocated irqs: 16
[    0.070371] rcu: srcu_init: Setting srcu_struct sizes based on contention.
[    0.076613] Console: colour VGA+ 80x25
[    0.076616] printk: legacy console [tty0] enabled
[    0.112418] ACPI: Core revision 20250404
[    0.112722] APIC: Switch to symmetric I/O mode setup
[    0.113291] x2apic enabled
[    0.113819] APIC: Switched APIC routing to: physical x2apic
[    0.115414] ..TIMER: vector=0x30 apic1=0 pin1=2 apic2=-1 pin2=-1
[    0.115759] clocksource: tsc-early: mask: 0xffffffffffffffff max_cycles: 0x2b3dee69c5e, max_idle_ns: 440795277122 ns
[    0.116320] Calibrating delay loop (skipped) preset value.. 5999.81 BogoMIPS (lpj=2999908)
[    0.116914] Last level iTLB entries: 4KB 128, 2MB 8, 4MB 8
[    0.117217] Last level dTLB entries: 4KB 64, 2MB 32, 4MB 32, 1GB 4
[    0.117318] Speculative Store Bypass: Vulnerable
[    0.117318] SRBDS: Unknown: Dependent on hypervisor status
[    0.117318] Spectre V2 : Mitigation: Retpolines
[    0.117318] RETBleed: WARNING: Spectre v2 mitigation leaves CPU vulnerable to RETBleed attacks, data leaks possible!
[    0.117318] RETBleed: Vulnerable
[    0.117318] ITS: Mitigation: Aligned branch/return thunks
[    0.117318] MDS: Mitigation: Clear CPU buffers
[    0.117322] MMIO Stale Data: Mitigation: Clear CPU buffers
[    0.117652] Spectre V1 : Mitigation: usercopy/swapgs barriers and __user pointer sanitization
[    0.118321] Spectre V2 : Spectre v2 / SpectreRSB: Filling RSB on context switch and VMEXIT
[    0.118812] GDS: Unknown: Dependent on hypervisor status
[    0.119332] x86/fpu: Supporting XSAVE feature 0x001: 'x87 floating point registers'
[    0.119807] x86/fpu: Supporting XSAVE feature 0x002: 'SSE registers'
[    0.120320] x86/fpu: Supporting XSAVE feature 0x004: 'AVX registers'
[    0.120658] x86/fpu: xstate_offset[2]:  576, xstate_sizes[2]:  256
[    0.121011] x86/fpu: Enabled xstate features 0x7, context size is 832 bytes, using 'standard' format.
[    0.142197] Freeing SMP alternatives memory: 56K
[    0.142323] pid_max: default: 32768 minimum: 301
[    0.142623] LSM: initializing lsm=capability,selinux
[    0.142928] SELinux:  Initializing.
[    0.143448] Mount-cache hash table entries: 8192 (order: 4, 65536 bytes, linear)
[    0.143913] Mountpoint-cache hash table entries: 8192 (order: 4, 65536 bytes, linear)
[    0.250239] APIC calibration not consistent with PM-Timer: 101ms instead of 100ms
[    0.250318] APIC delta adjusted to PM-Timer: 6265238 (6368908)
[    0.250363] smpboot: CPU0: Intel(R) Core(TM) i5-8500 CPU @ 3.00GHz (family: 0x6, model: 0x9e, stepping: 0xa)
[    0.251424] Performance Events: unsupported CPU family 6 model 158 no PMU driver, software events only.
[    0.252333] signal: max sigframe size: 1776
[    0.252616] rcu: Hierarchical SRCU implementation.
[    0.252899] rcu: 	Max phase no-delay instances is 400.
[    0.253221] Timer migration: 1 hierarchy levels; 8 children per group; 1 crossnode level
[    0.258882] smp: Bringing up secondary CPUs ...
[    0.259212] smpboot: x86: Booting SMP configuration:
[    0.259320] .... node  #0, CPUs:      #1 #2 #3
[    0.263485] smp: Brought up 1 node, 4 CPUs
[    0.264024] smpboot: Total of 4 processors activated (23999.26 BogoMIPS)
[    0.264434] Memory: 3981300K/4166200K available (18870K kernel code, 2908K rwdata, 7420K rodata, 2816K init, 940K bss, 180516K reserved, 0K cma-reserved)
[    0.266327] devtmpfs: initialized
[    0.267387] clocksource: jiffies: mask: 0xffffffff max_cycles: 0xffffffff, max_idle_ns: 1911260446275000 ns
[    0.268325] posixtimers hash table entries: 2048 (order: 3, 32768 bytes, linear)
[    0.268792] futex hash table entries: 1024 (65536 bytes on 1 NUMA nodes, total 64 KiB, linear).
[    0.269380] PM: RTC time: 10:53:28, date: 2025-10-30
[    0.269779] NET: Registered PF_NETLINK/PF_ROUTE protocol family
[    0.270374] audit: initializing netlink subsys (disabled)
[    0.270699] audit: type=2000 audit(1761821618.751:1): state=initialized audit_enabled=0 res=1
[    0.270699] thermal_sys: Registered thermal governor 'step_wise'
[    0.271329] cpuidle: using governor menu
[    0.272009] PCI: Using configuration type 1 for base access
[    0.272385] kprobes: kprobe jump-optimization is enabled. All kprobes are optimized if possible.
[    0.272929] HugeTLB: allocation took 0ms with hugepage_allocation_threads=1
[    0.272982] HugeTLB: registered 2.00 MiB page size, pre-allocated 0 pages
[    0.273318] HugeTLB: 28 KiB vmemmap can be freed for a 2.00 MiB page
[    0.276564] ACPI: Added _OSI(Module Device)
[    0.277320] ACPI: Added _OSI(Processor Device)
[    0.277620] ACPI: Added _OSI(Processor Aggregator Device)
[    0.280661] ACPI: 2 ACPI AML tables successfully acquired and loaded
[    0.283621] ACPI: Interpreter enabled
[    0.283702] ACPI: PM: (supports S0 S5)
[    0.284321] ACPI: Using IOAPIC for interrupt routing
[    0.284730] PCI: Using host bridge windows from ACPI; if necessary, use "pci=nocrs" and report a bug
[    0.285319] PCI: Using E820 reservations for host bridge windows
[    0.285709] ACPI: Enabled 2 GPEs in block 00 to 07
[    0.288900] ACPI: PCI Root Bridge [PCI0] (domain 0000 [bus 00-ff])
[    0.289239] acpi PNP0A03:00: _OSC: OS supports [ASPM ClockPM Segments MSI HPX-Type3]
[    0.290320] acpi PNP0A03:00: _OSC: not requesting OS control; OS requires [ExtendedConfig ASPM ClockPM MSI]
[    0.290500] acpi PNP0A03:00: fail to add MMCONFIG information, can't access extended configuration space under this bridge
[    0.291164] PCI host bridge to bus 0000:00
[    0.291321] pci_bus 0000:00: root bus resource [io  0x0000-0x0cf7 window]
[    0.291704] pci_bus 0000:00: root bus resource [io  0x0d00-0xffff window]
[    0.292055] pci_bus 0000:00: root bus resource [mem 0x000a0000-0x000bffff window]
[    0.293320] pci_bus 0000:00: root bus resource [mem 0xe0000000-0xfdffffff window]
[    0.293783] pci_bus 0000:00: root bus resource [bus 00-ff]
[    0.293783] pci 0000:00:00.0: [8086:1237] type 00 class 0x060000 conventional PCI endpoint
[    0.294475] pci 0000:00:01.0: [8086:7000] type 00 class 0x060100 conventional PCI endpoint
[    0.295385] pci 0000:00:01.1: [8086:7111] type 00 class 0x01018a conventional PCI endpoint
[    0.296154] pci 0000:00:01.1: BAR 4 [io  0xd000-0xd00f]
[    0.296350] pci 0000:00:01.1: BAR 0 [io  0x01f0-0x01f7]: legacy IDE quirk
[    0.296731] pci 0000:00:01.1: BAR 1 [io  0x03f6]: legacy IDE quirk
[    0.297077] pci 0000:00:01.1: BAR 2 [io  0x0170-0x0177]: legacy IDE quirk
[    0.298319] pci 0000:00:01.1: BAR 3 [io  0x0376]: legacy IDE quirk
[    0.298783] pci 0000:00:02.0: [15ad:0405] type 00 class 0x030000 conventional PCI endpoint
[    0.300682] pci 0000:00:02.0: BAR 0 [io  0xd010-0xd01f]
[    0.300682] pci 0000:00:02.0: BAR 1 [mem 0xe0000000-0xe0ffffff pref]
[    0.300709] pci 0000:00:02.0: BAR 2 [mem 0xf0000000-0xf01fffff]
[    0.301389] pci 0000:00:02.0: Video device with shadowed ROM at [mem 0x000c0000-0x000dffff]
[    0.302071] pci 0000:00:03.0: [8086:100e] type 00 class 0x020000 conventional PCI endpoint
[    0.304560] pci 0000:00:03.0: BAR 0 [mem 0xf0200000-0xf021ffff]
[    0.304560] pci 0000:00:03.0: BAR 2 [io  0xd020-0xd027]
[    0.305411] pci 0000:00:04.0: [80ee:cafe] type 00 class 0x088000 conventional PCI endpoint
[    0.307523] pci 0000:00:04.0: BAR 0 [io  0xd040-0xd05f]
[    0.307841] pci 0000:00:04.0: BAR 1 [mem 0xf0400000-0xf07fffff]
[    0.308327] pci 0000:00:04.0: BAR 2 [mem 0xf0800000-0xf0803fff pref]
[    0.308841] pci 0000:00:05.0: [8086:2415] type 00 class 0x040100 conventional PCI endpoint
[    0.309553] pci 0000:00:05.0: BAR 0 [io  0xd100-0xd1ff]
[    0.309553] pci 0000:00:05.0: BAR 1 [io  0xd200-0xd23f]
[    0.309796] pci 0000:00:06.0: [106b:003f] type 00 class 0x0c0310 conventional PCI endpoint
[    0.311533] pci 0000:00:06.0: BAR 0 [mem 0xf0804000-0xf0804fff]
[    0.312387] pci 0000:00:07.0: [8086:7113] type 00 class 0x068000 conventional PCI endpoint
[    0.313329] pci 0000:00:07.0: quirk: [io  0x4000-0x403f] claimed by PIIX4 ACPI
[    0.313791] pci 0000:00:07.0: quirk: [io  0x4100-0x410f] claimed by PIIX4 SMB
[    0.314431] pci 0000:00:0b.0: [8086:265c] type 00 class 0x0c0320 conventional PCI endpoint
[    0.316385] pci 0000:00:0b.0: BAR 0 [mem 0xf0805000-0xf0805fff]
[    0.317442] pci 0000:00:0d.0: [8086:2829] type 00 class 0x010601 conventional PCI endpoint
[    0.319511] pci 0000:00:0d.0: BAR 0 [io  0xd240-0xd247]
[    0.319833] pci 0000:00:0d.0: BAR 1 [io  0xd248-0xd24b]
[    0.321327] pci 0000:00:0d.0: BAR 2 [io  0xd250-0xd257]
[    0.321631] pci 0000:00:0d.0: BAR 3 [io  0xd258-0xd25b]
[    0.321631] pci 0000:00:0d.0: BAR 4 [io  0xd260-0xd26f]
[    0.321642] pci 0000:00:0d.0: BAR 5 [mem 0xf0806000-0xf0807fff]
[    0.323673] ACPI: PCI: Interrupt link LNKA configured for IRQ 11
[    0.324148] ACPI: PCI: Interrupt link LNKB configured for IRQ 10
[    0.324377] ACPI: PCI: Interrupt link LNKC configured for IRQ 9
[    0.324761] ACPI: PCI: Interrupt link LNKD configured for IRQ 11
[    0.325417] iommu: Default domain type: Translated
[    0.325704] iommu: DMA domain TLB invalidation policy: lazy mode
[    0.327384] SCSI subsystem initialized
[    0.327670] libata version 3.00 loaded.
[    0.327670] ACPI: bus type USB registered
[    0.327670] usbcore: registered new interface driver usbfs
[    0.327689] usbcore: registered new interface driver hub
[    0.327996] usbcore: registered new device driver usb
[    0.328333] pps_core: LinuxPPS API ver. 1 registered
[    0.328623] pps_core: Software ver. 5.3.6 - Copyright 2005-2007 Rodolfo Giometti <giometti@linux.it>
[    0.329141] PTP clock support registered
[    0.330352] Advanced Linux Sound Architecture Driver Initialized.
[    0.330809] NetLabel: Initializing
[    0.330809] NetLabel:  domain hash size = 128
[    0.330809] NetLabel:  protocols = UNLABELED CIPSOv4 CALIPSO
[    0.330913] NetLabel:  unlabeled traffic allowed by default
[    0.331353] PCI: Using ACPI for IRQ routing
[    0.332320] PCI: pci_cache_line_size set to 64 bytes
[    0.332320] e820: reserve RAM buffer [mem 0x0009fc00-0x0009ffff]
[    0.332320] e820: reserve RAM buffer [mem 0xdfff0000-0xdfffffff]
[    0.332320] e820: reserve RAM buffer [mem 0x11e500000-0x11fffffff]
[    0.332334] pci 0000:00:02.0: vgaarb: setting as boot VGA device
[    0.332699] pci 0000:00:02.0: vgaarb: bridge control possible
[    0.333073] pci 0000:00:02.0: vgaarb: VGA device added: decodes=io+mem,owns=io+mem,locks=none
[    0.333321] vgaarb: loaded
[    0.334535] clocksource: Switched to clocksource kvm-clock
[    0.334947] VFS: Disk quotas dquot_6.6.0
[    0.335204] VFS: Dquot-cache hash table entries: 512 (order 0, 4096 bytes)
[    0.335520] pnp: PnP ACPI init
[    0.336282] pnp: PnP ACPI: found 2 devices
[    0.364067] clocksource: acpi_pm: mask: 0xffffff max_cycles: 0xffffff, max_idle_ns: 2085701024 ns
[    0.364622] NET: Registered PF_INET protocol family
[    0.364960] IP idents hash table entries: 65536 (order: 7, 524288 bytes, linear)
[    0.366001] tcp_listen_portaddr_hash hash table entries: 2048 (order: 3, 32768 bytes, linear)
[    0.366447] Table-perturb hash table entries: 65536 (order: 6, 262144 bytes, linear)
[    0.366447] TCP established hash table entries: 32768 (order: 6, 262144 bytes, linear)
[    0.366447] TCP bind hash table entries: 32768 (order: 8, 1048576 bytes, linear)
[    0.369030] TCP: Hash tables configured (established 32768 bind 32768)
[    0.369409] UDP hash table entries: 2048 (order: 5, 131072 bytes, linear)
[    0.369798] UDP-Lite hash table entries: 2048 (order: 5, 131072 bytes, linear)
[    0.370311] NET: Registered PF_UNIX/PF_LOCAL protocol family
[    0.371671] RPC: Registered named UNIX socket transport module.
[    0.372016] RPC: Registered udp transport module.
[    0.372299] RPC: Registered tcp transport module.
[    0.372581] RPC: Registered tcp-with-tls transport module.
[    0.372890] RPC: Registered tcp NFSv4.1 backchannel transport module.
[    0.373690] pci_bus 0000:00: resource 4 [io  0x0000-0x0cf7 window]
[    0.374054] pci_bus 0000:00: resource 5 [io  0x0d00-0xffff window]
[    0.374389] pci_bus 0000:00: resource 6 [mem 0x000a0000-0x000bffff window]
[    0.374747] pci_bus 0000:00: resource 7 [mem 0xe0000000-0xfdffffff window]
[    0.375048] pci 0000:00:00.0: Limiting direct PCI/PCI transfers
[    0.376506] PCI: CLS 0 bytes, default 64
[    0.376506] PCI-DMA: Using software bounce buffering for IO (SWIOTLB)
[    0.377727] software IO TLB: mapped [mem 0x00000000d8a00000-0x00000000dca00000] (64MB)
[    0.378302] RAPL PMU: API unit is 2^-32 Joules, 0 fixed counters, 10737418240 ms ovfl timer
[    0.378819] clocksource: tsc: mask: 0xffffffffffffffff max_cycles: 0x2b3dee69c5e, max_idle_ns: 440795277122 ns
[    0.379484] clocksource: Switched to clocksource tsc
[    0.379796] platform rtc_cmos: registered platform RTC device (no PNP device found)
[    0.381311] Initialise system trusted keyrings
[    0.381676] workingset: timestamp_bits=40 max_order=20 bucket_order=0
[    0.382195] NFS: Registering the id_resolver key type
[    0.382495] Key type id_resolver registered
[    0.382760] Key type id_legacy registered
[    0.383119] 9p: Installing v9fs 9p2000 file system support
[    0.393927] Key type asymmetric registered
[    0.394199] Asymmetric key parser 'x509' registered
[    0.394506] Block layer SCSI generic (bsg) driver version 0.4 loaded (major 251)
[    0.394996] io scheduler mq-deadline registered
[    0.395280] io scheduler kyber registered
[    0.395876] ACPI: AC: AC Adapter [AC] (on-line)
[    0.396203] input: Power Button as /devices/LNXSYSTM:00/LNXPWRBN:00/input/input0
[    0.400049] ACPI: button: Power Button [PWRF]
[    0.400362] input: Sleep Button as /devices/LNXSYSTM:00/LNXSLPBN:00/input/input1
[    0.400888] ACPI: button: Sleep Button [SLPF]
[    0.401207] ACPI: video: Video Device [GFX0] (multi-head: yes  rom: no  post: no)
[    0.401733] input: Video Bus as /devices/LNXSYSTM:00/LNXSYBUS:00/PNP0A03:00/LNXVIDEO:00/input/input2
[    0.402807] Serial: 8250/16550 driver, 4 ports, IRQ sharing enabled
[    0.403758] Non-volatile memory driver v1.3
[    0.404042] Linux agpgart interface v0.103
[    0.404367] ACPI: bus type drm_connector registered
[    0.407228] loop: module loaded
[    0.408255] ahci 0000:00:0d.0: SSS flag set, parallel bus scan disabled
[    0.408829] ahci 0000:00:0d.0: AHCI vers 0001.0100, 32 command slots, 3 Gbps, SATA mode
[    0.409330] ahci 0000:00:0d.0: 4/4 ports implemented (port mask 0xf)
[    0.409678] ahci 0000:00:0d.0: flags: 64bit ncq stag only ccc 
[    0.410655] scsi host0: ahci
[    0.411191] scsi host1: ahci
[    0.411656] scsi host2: ahci
[    0.412133] scsi host3: ahci
[    0.412393] ata1: SATA max UDMA/133 abar m8192@0xf0806000 port 0xf0806100 irq 21 lpm-pol 0
[    0.412912] ata2: SATA max UDMA/133 abar m8192@0xf0806000 port 0xf0806180 irq 21 lpm-pol 0
[    0.413423] ata3: SATA max UDMA/133 abar m8192@0xf0806000 port 0xf0806200 irq 21 lpm-pol 0 ext
[    0.413903] ata4: SATA max UDMA/133 abar m8192@0xf0806000 port 0xf0806280 irq 21 lpm-pol 0 ext
[    0.414957] scsi host4: ata_piix
[    0.415415] scsi host5: ata_piix
[    0.415677] ata5: PATA max UDMA/33 cmd 0x1f0 ctl 0x3f6 bmdma 0xd000 irq 14 lpm-pol 0
[    0.416191] ata6: PATA max UDMA/33 cmd 0x170 ctl 0x376 bmdma 0xd008 irq 15 lpm-pol 0
[    0.416864] e100: Intel(R) PRO/100 Network Driver
[    0.417156] e100: Copyright(c) 1999-2006 Intel Corporation
[    0.417186] e1000: Intel(R) PRO/1000 Network Driver
[    0.417186] e1000: Copyright (c) 1999-2006 Intel Corporation.
[    0.634000] ata6.00: ATAPI: VBOX CD-ROM, 1.0, max UDMA/133
[    0.842759] ata1: SATA link up 3.0 Gbps (SStatus 123 SControl 300)
[    0.843254] ata1.00: ATA-6: VBOX HARDDISK, 1.0, max UDMA/133
[    0.843619] ata1.00: 83886080 sectors, multi 128: LBA48 NCQ (depth 32)
[    0.844240] ata1.00: configured for UDMA/133
[    0.845013] scsi 0:0:0:0: Direct-Access     ATA      VBOX HARDDISK    1.0  PQ: 0 ANSI: 5
[    0.903979] sd 0:0:0:0: Attached scsi generic sg0 type 0
[    0.904344] sd 0:0:0:0: [sda] 83886080 512-byte logical blocks: (42.9 GB/40.0 GiB)
[    0.904869] sd 0:0:0:0: [sda] Write Protect is off
[    0.905175] sd 0:0:0:0: [sda] Mode Sense: 00 3a 00 00
[    0.905184] sd 0:0:0:0: [sda] Write cache: enabled, read cache: enabled, doesn't support DPO or FUA
[    0.905718] sd 0:0:0:0: [sda] Preferred minimum I/O size 512 bytes
[    0.919883]  sda: sda1 sda2 sda3 sda4
[    0.920741] sd 0:0:0:0: [sda] Attached SCSI disk
[    0.922160] e1000 0000:00:03.0 eth0: (PCI:33MHz:32-bit) 08:00:27:ba:96:31
[    0.922524] e1000 0000:00:03.0 eth0: Intel(R) PRO/1000 Network Connection
[    0.922824] e1000e: Intel(R) PRO/1000 Network Driver
[    0.922824] e1000e: Copyright(c) 1999 - 2015 Intel Corporation.
[    0.922824] sky2: driver version 1.30
[    0.924538] ehci-pci 0000:00:0b.0: EHCI Host Controller
[    0.925271] ehci-pci 0000:00:0b.0: new USB bus registered, assigned bus number 1
[    0.925937] ehci-pci 0000:00:0b.0: irq 19, io mem 0xf0805000
[    0.993817] ehci-pci 0000:00:0b.0: USB 2.0 started, EHCI 1.00
[    0.994365] usb usb1: New USB device found, idVendor=1d6b, idProduct=0002, bcdDevice= 6.16
[    0.994799] usb usb1: New USB device strings: Mfr=3, Product=2, SerialNumber=1
[    0.994799] usb usb1: Product: EHCI Host Controller
[    0.994799] usb usb1: Manufacturer: Linux 6.16.1-dacortes ehci_hcd
[    0.994799] usb usb1: SerialNumber: 0000:00:0b.0
[    0.996783] hub 1-0:1.0: USB hub found
[    0.997057] hub 1-0:1.0: 12 ports detected
[    0.997515] ohci-pci 0000:00:06.0: OHCI PCI host controller
[    0.997910] ohci-pci 0000:00:06.0: new USB bus registered, assigned bus number 2
[    0.998455] ohci-pci 0000:00:06.0: irq 22, io mem 0xf0804000
[    1.050557] usb usb2: New USB device found, idVendor=1d6b, idProduct=0001, bcdDevice= 6.16
[    1.051064] usb usb2: New USB device strings: Mfr=3, Product=2, SerialNumber=1
[    1.051148] usb usb2: Product: OHCI PCI host controller
[    1.051148] usb usb2: Manufacturer: Linux 6.16.1-dacortes ohci_hcd
[    1.051148] usb usb2: SerialNumber: 0000:00:06.0
[    1.051148] hub 2-0:1.0: USB hub found
[    1.051148] hub 2-0:1.0: 12 ports detected
[    1.051148] usbcore: registered new interface driver usblp
[    1.051148] usbcore: registered new interface driver usb-storage
[    1.051148] i8042: PNP: PS/2 Controller [PNP0303:PS2K,PNP0f03:PS2M] at 0x60,0x64 irq 1,12
[    1.055184] serio: i8042 KBD port at 0x60,0x64 irq 1
[    1.055488] serio: i8042 AUX port at 0x60,0x64 irq 12
[    1.056326] input: AT Translated Set 2 keyboard as /devices/platform/i8042/serio0/input/input3
[    1.056866] rtc_cmos rtc_cmos: registered as rtc0
[    1.057221] rtc_cmos rtc_cmos: alarms up to one day, 114 bytes nvram
[    1.057637] device-mapper: ioctl: 4.50.0-ioctl (2025-04-28) initialised: dm-devel@lists.linux.dev
[    1.058174] intel_pstate: CPU model not supported
[    1.058501] hid: raw HID events driver (C) Jiri Kosina
[    1.059107] usbcore: registered new interface driver usbhid
[    1.059461] usbhid: USB HID core driver
[    1.059979] Initializing XFRM netlink socket
[    1.060260] NET: Registered PF_INET6 protocol family
[    1.060957] Segment Routing with IPv6
[    1.061214] In-situ OAM (IOAM) with IPv6
[    1.061490] sit: IPv6, IPv4 and MPLS over IPv4 tunneling driver
[    1.062160] NET: Registered PF_PACKET protocol family
[    1.062502] 9pnet: Installing 9P2000 support
[    1.062784] Key type dns_resolver registered
[    1.063418] IPI shorthand broadcast: enabled
[    1.065791] sched_clock: Marking stable (1019013887, 45777593)->(1068641291, -3849811)
[    1.104415] registered taskstats version 1
[    1.104692] Loading compiled-in X.509 certificates
[    1.106641] input: ImExPS/2 Generic Explorer Mouse as /devices/platform/i8042/serio1/input/input5
[    1.108432] Demotion targets for Node 0: null
[    1.108760] PM:   Magic number: 13:678:882
[    1.109061] netconsole: network logging started
[    1.109373] cfg80211: Loading compiled-in X.509 certificates for regulatory database
[    1.109963] kworker/u19:6 (90) used greatest stack depth: 14312 bytes left
[    1.110374] kworker/u19:6 (91) used greatest stack depth: 13976 bytes left
[    1.110588] Loaded X.509 cert 'sforshee: 00b28ddf47aef9cea7'
[    1.111186] Loaded X.509 cert 'wens: 61c038651aabdcf94bd0ac7ff06c7248db18c600'
[    1.111699] platform regulatory.0: Direct firmware load for regulatory.db failed with error -2
[    1.112219] cfg80211: failed to load regulatory.db
[    1.112516] ALSA device list:
[    1.112740]   No soundcards found.
[    1.213845] ata2: SATA link up 3.0 Gbps (SStatus 123 SControl 300)
[    1.214376] ata2.00: ATA-6: VBOX HARDDISK, 1.0, max UDMA/133
[    1.214701] ata2.00: 41943040 sectors, multi 128: LBA48 NCQ (depth 32)
[    1.215310] ata2.00: configured for UDMA/133
[    1.215717] scsi 1:0:0:0: Direct-Access     ATA      VBOX HARDDISK    1.0  PQ: 0 ANSI: 5
[    1.216380] sd 1:0:0:0: Attached scsi generic sg1 type 0
[    1.216709] sd 1:0:0:0: [sdb] 41943040 512-byte logical blocks: (21.5 GB/20.0 GiB)
[    1.217209] sd 1:0:0:0: [sdb] Write Protect is off
[    1.217557] sd 1:0:0:0: [sdb] Mode Sense: 00 3a 00 00
[    1.217568] sd 1:0:0:0: [sdb] Write cache: enabled, read cache: enabled, doesn't support DPO or FUA
[    1.218112] sd 1:0:0:0: [sdb] Preferred minimum I/O size 512 bytes
[    1.960104] usb 2-1: new full-speed USB device number 2 using ohci-pci
[    1.962212]  sdb: sdb1 sdb2 < sdb5 >
[    1.962570] sd 1:0:0:0: [sdb] Attached SCSI disk
[    2.069208] ata3: SATA link down (SStatus 0 SControl 300)
[    2.190320] usb 2-1: New USB device found, idVendor=80ee, idProduct=0021, bcdDevice= 1.00
[    2.190826] usb 2-1: New USB device strings: Mfr=1, Product=3, SerialNumber=0
[    2.191193] usb 2-1: Product: USB Tablet
[    2.191684] usb 2-1: Manufacturer: VirtualBox
[    2.202338] input: VirtualBox USB Tablet as /devices/pci0000:00/0000:00:06.0/usb2/2-1/2-1:1.0/0003:80EE:0021.0001/input/input6
[    2.203185] hid-generic 0003:80EE:0021.0001: input,hidraw0: USB HID v1.10 Mouse [VirtualBox USB Tablet] on usb-0000:00:06.0-1/input0
[    2.381652] ata4: SATA link down (SStatus 0 SControl 300)
[    2.382289] scsi 5:0:0:0: CD-ROM            VBOX     CD-ROM           1.0  PQ: 0 ANSI: 5
[    3.106415] sr 5:0:0:0: [sr0] scsi3-mmc drive: 32x/32x xa/form2 tray
[    3.106767] cdrom: Uniform CD-ROM driver Revision: 3.20
[    3.348382] sr 5:0:0:0: Attached scsi CD-ROM sr0
[    3.348506] sr 5:0:0:0: Attached scsi generic sg2 type 5
[    3.349002] md: Waiting for all devices to be available before autodetect
[    3.349368] md: If you don't use raid, use raid=noautodetect
[    3.349675] md: Autodetecting RAID arrays.
[    3.349930] md: autorun ...
[    3.350141] md: ... autorun DONE.
[    3.673425] EXT4-fs (sda2): orphan cleanup on readonly fs
[    3.674069] EXT4-fs (sda2): mounted filesystem 5b9bd2d7-f01b-4e6b-b79a-d0e986a940ae ro with ordered data mode. Quota mode: none.
[    3.674696] VFS: Mounted root (ext4 filesystem) readonly on device 8:2.
[    3.677441] devtmpfs: mounted
[    3.678455] Freeing unused kernel image (initmem) memory: 2816K
[    3.678952] Write protecting the kernel read-only data: 28672k
[    3.679919] Freeing unused kernel image (text/rodata gap) memory: 1608K
[    3.684124] Freeing unused kernel image (rodata/data gap) memory: 772K
[    3.731512] x86/mm: Checked W+X mappings: passed, no W+X pages found.
[    3.731860] x86/mm: Checking user space page tables
[    3.777529] x86/mm: Checked W+X mappings: passed, no W+X pages found.
[    3.777877] Run /sbin/init as init process
[    3.778138]   with arguments:
[    3.778139]     /sbin/init
[    3.778139]   with environment:
[    3.778140]     HOME=/
[    3.778141]     TERM=linux
[    3.778141]     BOOT_IMAGE=/vmlinuz-6.16.1-lfs-12.4-dacortes
[    3.953602] stty (102) used greatest stack depth: 13568 bytes left
[    3.979377] dmesg (103) used greatest stack depth: 13352 bytes left
[    4.025861] mountpoint (108) used greatest stack depth: 13200 bytes left
[    4.056205] sed (115) used greatest stack depth: 12648 bytes left
[    4.075396] hostname (118) used greatest stack depth: 12520 bytes left
[    4.202302] ip (203) used greatest stack depth: 12504 bytes left
[    4.330891] udevd[228]: Starting systemd-udevd version 257.8
[    4.369587] udevd[230]: Using default interface naming scheme 'v257'.
[    4.439475] e1000 0000:00:03.0 enp0s3: renamed from eth0
[   11.181555] Adding 2096124k swap on /dev/sda4.  Priority:1 extents:1 across:2096124k 
[   11.337141] EXT4-fs (sda2): re-mounted 5b9bd2d7-f01b-4e6b-b79a-d0e986a940ae.
[   11.453421] EXT4-fs (sda2): re-mounted 5b9bd2d7-f01b-4e6b-b79a-d0e986a940ae r/w.
[   11.527045] EXT4-fs (sda1): mounted filesystem 4a88b262-e68d-453f-8e77-b3ed0b0a74cd r/w with ordered data mode. Quota mode: none.
[   11.629555] EXT4-fs (sda3): mounted filesystem 489f7b1f-0dea-4a2d-97e8-ee9f17afd548 r/w with ordered data mode. Quota mode: none.
[   26.949395] e1000: enp0s3 NIC Link is Up 1000 Mbps Full Duplex, Flow Control: RX
